Archive member included because of file (symbol)

c:/users/victor.paschoal/documents/dave-ide-4.4.2-64bit/eclipse/arm-gcc-49/bin/../lib/gcc/arm-none-eabi/4.9.3/../../../../arm-none-eabi/lib/armv6-m\libm.a(lib_a-w_acos.o)
                              ./ReadAxis1.o (acos)
c:/users/victor.paschoal/documents/dave-ide-4.4.2-64bit/eclipse/arm-gcc-49/bin/../lib/gcc/arm-none-eabi/4.9.3/../../../../arm-none-eabi/lib/armv6-m\libm.a(lib_a-w_asin.o)
                              ./ReadAxis1.o (asin)
c:/users/victor.paschoal/documents/dave-ide-4.4.2-64bit/eclipse/arm-gcc-49/bin/../lib/gcc/arm-none-eabi/4.9.3/../../../../arm-none-eabi/lib/armv6-m\libm.a(lib_a-e_acos.o)
                              c:/users/victor.paschoal/documents/dave-ide-4.4.2-64bit/eclipse/arm-gcc-49/bin/../lib/gcc/arm-none-eabi/4.9.3/../../../../arm-none-eabi/lib/armv6-m\libm.a(lib_a-w_acos.o) (__ieee754_acos)
c:/users/victor.paschoal/documents/dave-ide-4.4.2-64bit/eclipse/arm-gcc-49/bin/../lib/gcc/arm-none-eabi/4.9.3/../../../../arm-none-eabi/lib/armv6-m\libm.a(lib_a-e_asin.o)
                              c:/users/victor.paschoal/documents/dave-ide-4.4.2-64bit/eclipse/arm-gcc-49/bin/../lib/gcc/arm-none-eabi/4.9.3/../../../../arm-none-eabi/lib/armv6-m\libm.a(lib_a-w_asin.o) (__ieee754_asin)
c:/users/victor.paschoal/documents/dave-ide-4.4.2-64bit/eclipse/arm-gcc-49/bin/../lib/gcc/arm-none-eabi/4.9.3/../../../../arm-none-eabi/lib/armv6-m\libm.a(lib_a-e_sqrt.o)
                              c:/users/victor.paschoal/documents/dave-ide-4.4.2-64bit/eclipse/arm-gcc-49/bin/../lib/gcc/arm-none-eabi/4.9.3/../../../../arm-none-eabi/lib/armv6-m\libm.a(lib_a-e_acos.o) (__ieee754_sqrt)
c:/users/victor.paschoal/documents/dave-ide-4.4.2-64bit/eclipse/arm-gcc-49/bin/../lib/gcc/arm-none-eabi/4.9.3/../../../../arm-none-eabi/lib/armv6-m\libm.a(lib_a-s_fabs.o)
                              c:/users/victor.paschoal/documents/dave-ide-4.4.2-64bit/eclipse/arm-gcc-49/bin/../lib/gcc/arm-none-eabi/4.9.3/../../../../arm-none-eabi/lib/armv6-m\libm.a(lib_a-w_acos.o) (fabs)
c:/users/victor.paschoal/documents/dave-ide-4.4.2-64bit/eclipse/arm-gcc-49/bin/../lib/gcc/arm-none-eabi/4.9.3/../../../../arm-none-eabi/lib/armv6-m\libm.a(lib_a-s_fpclassify.o)
                              c:/users/victor.paschoal/documents/dave-ide-4.4.2-64bit/eclipse/arm-gcc-49/bin/../lib/gcc/arm-none-eabi/4.9.3/../../../../arm-none-eabi/lib/armv6-m\libm.a(lib_a-w_acos.o) (__fpclassifyd)
c:/users/victor.paschoal/documents/dave-ide-4.4.2-64bit/eclipse/arm-gcc-49/bin/../lib/gcc/arm-none-eabi/4.9.3/../../../../arm-none-eabi/lib/armv6-m\libm.a(lib_a-s_lib_ver.o)
                              c:/users/victor.paschoal/documents/dave-ide-4.4.2-64bit/eclipse/arm-gcc-49/bin/../lib/gcc/arm-none-eabi/4.9.3/../../../../arm-none-eabi/lib/armv6-m\libm.a(lib_a-w_acos.o) (__fdlib_version)
c:/users/victor.paschoal/documents/dave-ide-4.4.2-64bit/eclipse/arm-gcc-49/bin/../lib/gcc/arm-none-eabi/4.9.3/../../../../arm-none-eabi/lib/armv6-m\libm.a(lib_a-s_matherr.o)
                              c:/users/victor.paschoal/documents/dave-ide-4.4.2-64bit/eclipse/arm-gcc-49/bin/../lib/gcc/arm-none-eabi/4.9.3/../../../../arm-none-eabi/lib/armv6-m\libm.a(lib_a-w_acos.o) (matherr)
c:/users/victor.paschoal/documents/dave-ide-4.4.2-64bit/eclipse/arm-gcc-49/bin/../lib/gcc/arm-none-eabi/4.9.3/../../../../arm-none-eabi/lib/armv6-m\libm.a(lib_a-s_nan.o)
                              c:/users/victor.paschoal/documents/dave-ide-4.4.2-64bit/eclipse/arm-gcc-49/bin/../lib/gcc/arm-none-eabi/4.9.3/../../../../arm-none-eabi/lib/armv6-m\libm.a(lib_a-w_acos.o) (nan)
c:/users/victor.paschoal/documents/dave-ide-4.4.2-64bit/eclipse/arm-gcc-49/bin/../lib/gcc/arm-none-eabi/4.9.3/armv6-m\libgcc.a(_arm_cmpdf2.o)
                              c:/users/victor.paschoal/documents/dave-ide-4.4.2-64bit/eclipse/arm-gcc-49/bin/../lib/gcc/arm-none-eabi/4.9.3/../../../../arm-none-eabi/lib/armv6-m\libm.a(lib_a-w_acos.o) (__aeabi_dcmpgt)
c:/users/victor.paschoal/documents/dave-ide-4.4.2-64bit/eclipse/arm-gcc-49/bin/../lib/gcc/arm-none-eabi/4.9.3/armv6-m\libgcc.a(_arm_cmpsf2.o)
                              ./Action.o (__aeabi_fcmpeq)
c:/users/victor.paschoal/documents/dave-ide-4.4.2-64bit/eclipse/arm-gcc-49/bin/../lib/gcc/arm-none-eabi/4.9.3/armv6-m\libgcc.a(_aeabi_uldivmod.o)
                              ./Dave/Generated/TIMER/timer.o (__aeabi_uldivmod)
c:/users/victor.paschoal/documents/dave-ide-4.4.2-64bit/eclipse/arm-gcc-49/bin/../lib/gcc/arm-none-eabi/4.9.3/armv6-m\libgcc.a(_muldi3.o)
                              ./Dave/Generated/TIMER/timer.o (__aeabi_lmul)
c:/users/victor.paschoal/documents/dave-ide-4.4.2-64bit/eclipse/arm-gcc-49/bin/../lib/gcc/arm-none-eabi/4.9.3/armv6-m\libgcc.a(_fixunssfsi.o)
                              ./Action.o (__aeabi_f2uiz)
c:/users/victor.paschoal/documents/dave-ide-4.4.2-64bit/eclipse/arm-gcc-49/bin/../lib/gcc/arm-none-eabi/4.9.3/armv6-m\libgcc.a(bpabi.o)
[...]
Memory Configuration

Name             Origin             Length             Attributes
FLASH            0x10001000         0x00032000         xr
SRAM             0x20000000         0x00004000         !xr
*default*        0x00000000         0xffffffff

Linker script and memory map

LOAD ./Startup/startup_XMC1400.o
LOAD ./Startup/system_XMC1400.o
LOAD ./Libraries/XMCLib/src/xmc1_eru.o
LOAD ./Libraries/XMCLib/src/xmc1_flash.o
LOAD ./Libraries/XMCLib/src/xmc1_gpio.o
LOAD ./Libraries/XMCLib/src/xmc1_rtc.o
LOAD ./Libraries/XMCLib/src/xmc1_scu.o
LOAD ./Libraries/XMCLib/src/xmc_acmp.o
LOAD ./Libraries/XMCLib/src/xmc_bccu.o
LOAD ./Libraries/XMCLib/src/xmc_can.o
LOAD ./Libraries/XMCLib/src/xmc_ccu4.o
LOAD ./Libraries/XMCLib/src/xmc_ccu8.o
LOAD ./Libraries/XMCLib/src/xmc_common.o
LOAD ./Libraries/XMCLib/src/xmc_eru.o
LOAD ./Libraries/XMCLib/src/xmc_gpio.o
LOAD ./Libraries/XMCLib/src/xmc_i2c.o
LOAD ./Libraries/XMCLib/src/xmc_i2s.o
LOAD ./Libraries/XMCLib/src/xmc_ledts.o
LOAD ./Libraries/XMCLib/src/xmc_math.o
LOAD ./Libraries/XMCLib/src/xmc_pau.o
LOAD ./Libraries/XMCLib/src/xmc_posif.o
LOAD ./Libraries/XMCLib/src/xmc_prng.o
LOAD ./Libraries/XMCLib/src/xmc_rtc.o
LOAD ./Libraries/XMCLib/src/xmc_spi.o
LOAD ./Libraries/XMCLib/src/xmc_uart.o
LOAD ./Libraries/XMCLib/src/xmc_usic.o
LOAD ./Libraries/XMCLib/src/xmc_vadc.o
LOAD ./Libraries/XMCLib/src/xmc_wdt.o
LOAD ./Libraries/Newlib/syscalls.o
LOAD ./Dave/Generated/WATCHDOG/watchdog.o
LOAD ./Dave/Generated/WATCHDOG/watchdog_conf.o
LOAD ./Dave/Generated/UART/uart.o
LOAD ./Dave/Generated/UART/uart_conf.o
LOAD ./Dave/Generated/TIMER/timer.o
LOAD ./Dave/Generated/TIMER/timer_conf.o
LOAD ./Dave/Generated/PIN_INTERRUPT/pin_interrupt.o
LOAD ./Dave/Generated/PIN_INTERRUPT/pin_interrupt_conf.o
LOAD ./Dave/Generated/INTERRUPT/interrupt.o
LOAD ./Dave/Generated/INTERRUPT/interrupt_conf.o
LOAD ./Dave/Generated/I2C_MASTER/i2c_master.o
LOAD ./Dave/Generated/I2C_MASTER/i2c_master_conf.o
LOAD ./Dave/Generated/GLOBAL_SCU_XMC1/global_scu_xmc1.o
LOAD ./Dave/Generated/GLOBAL_SCU_XMC1/global_scu_xmc1_conf.o
LOAD ./Dave/Generated/GLOBAL_CCU4/global_ccu4.o
LOAD ./Dave/Generated/GLOBAL_CCU4/global_ccu4_conf.o
LOAD ./Dave/Generated/E_EEPROM_XMC1/e_eeprom_xmc1.o
LOAD ./Dave/Generated/E_EEPROM_XMC1/e_eeprom_xmc1_conf.o
LOAD ./Dave/Generated/DIGITAL_IO/digital_io.o
LOAD ./Dave/Generated/DIGITAL_IO/digital_io_conf.o
LOAD ./Dave/Generated/CPU_CTRL_XMC1/cpu_ctrl_xmc1.o
LOAD ./Dave/Generated/CPU_CTRL_XMC1/cpu_ctrl_xmc1_conf.o
LOAD ./Dave/Generated/CLOCK_XMC1/clock_xmc1.o
LOAD ./Dave/Generated/CLOCK_XMC1/clock_xmc1_conf.o
LOAD ./Dave/Generated/DAVE.o
LOAD ./Action.o
LOAD ./Conf.o
LOAD ./Debauce.o
LOAD ./ReadAxis1.o
LOAD ./main.o
LOAD ./scheduler.o
LOAD c:/users/victor.paschoal/documents/dave-ide-4.4.2-64bit/eclipse/arm-gcc-49/bin/../lib/gcc/arm-none-eabi/4.9.3/../../../../arm-none-eabi/lib/armv6-m\libm.a
START GROUP
LOAD c:/users/victor.paschoal/documents/dave-ide-4.4.2-64bit/eclipse/arm-gcc-49/bin/../lib/gcc/arm-none-eabi/4.9.3/armv6-m\libgcc.a
LOAD c:/users/victor.paschoal/documents/dave-ide-4.4.2-64bit/eclipse/arm-gcc-49/bin/../lib/gcc/arm-none-eabi/4.9.3/../../../../arm-none-eabi/lib/armv6-m\libg_nano.a
LOAD c:/users/victor.paschoal/documents/dave-ide-4.4.2-64bit/eclipse/arm-gcc-49/bin/../lib/gcc/arm-none-eabi/4.9.3/../../../../arm-none-eabi/lib/armv6-m\libc_nano.a
END GROUP
START GROUP
LOAD c:/users/victor.paschoal/documents/dave-ide-4.4.2-64bit/eclipse/arm-gcc-49/bin/../lib/gcc/arm-none-eabi/4.9.3/armv6-m\libgcc.a
LOAD c:/users/victor.paschoal/documents/dave-ide-4.4.2-64bit/eclipse/arm-gcc-49/bin/../lib/gcc/arm-none-eabi/4.9.3/../../../../arm-none-eabi/lib/armv6-m\libc_nano.a
LOAD c:/users/victor.paschoal/documents/dave-ide-4.4.2-64bit/eclipse/arm-gcc-49/bin/../lib/gcc/arm-none-eabi/4.9.3/../../../../arm-none-eabi/lib/armv6-m\libnosys.a
END GROUP
START GROUP
LOAD c:/users/victor.paschoal/documents/dave-ide-4.4.2-64bit/eclipse/arm-gcc-49/bin/../lib/gcc/arm-none-eabi/4.9.3/armv6-m\libgcc.a
LOAD c:/users/victor.paschoal/documents/dave-ide-4.4.2-64bit/eclipse/arm-gcc-49/bin/../lib/gcc/arm-none-eabi/4.9.3/../../../../arm-none-eabi/lib/armv6-m\libc_nano.a
LOAD c:/users/victor.paschoal/documents/dave-ide-4.4.2-64bit/eclipse/arm-gcc-49/bin/../lib/gcc/arm-none-eabi/4.9.3/../../../../arm-none-eabi/lib/armv6-m\libnosys.a
END GROUP
                0x00000400                stack_size = DEFINED (stack_size)?stack_size:0x400
                0x00000004                no_init_size = 0x4

.text           0x10001000     0xb6c4
                0x10001000                sText = .
 *(.reset)
 .reset         0x10001000       0xa0 ./Startup/startup_XMC1400.o
                0x10001000                __Vectors
                0x1000101c                Reset_Handler
                0x1000109c                SysTick_Handler
                0x1000109c                IRQ5_Handler
                0x1000109c                PendSV_Handler
                0x1000109c                IRQ16_Handler
                0x1000109c                IRQ4_Handler
                0x1000109c                HardFault_Handler
                0x1000109c                IRQ23_Handler
                0x1000109c                IRQ22_Handler
                0x1000109c                IRQ29_Handler
                0x1000109c                IRQ20_Handler
                0x1000109c                IRQ13_Handler
                0x1000109c                IRQ25_Handler
                0x1000109c                IRQ30_Handler
                0x1000109c                IRQ21_Handler
                0x1000109c                IRQ31_Handler
                0x1000109c                IRQ28_Handler
                0x1000109c                IRQ24_Handler
                0x1000109c                SVC_Handler
                0x1000109c                IRQ19_Handler
                0x1000109c                IRQ15_Handler
                0x1000109c                IRQ18_Handler
                0x1000109c                IRQ14_Handler
                0x1000109c                IRQ8_Handler
                0x1000109c                IRQ3_Handler
                0x1000109c                IRQ27_Handler
                0x1000109c                IRQ26_Handler
                0x1000109c                IRQ17_Handler
 *(.text .text.* .gnu.linkonce.t.*)
 .text.SystemInit
                0x100010a0       0x10 ./Startup/system_XMC1400.o
                0x100010a0                SystemInit
 .text.SystemCoreClockUpdate
                0x100010b0       0xc8 ./Startup/system_XMC1400.o
                0x100010b0                SystemCoreClockUpdate
 .text.OSCHP_GetFrequency
                0x10001178       0x10 ./Startup/system_XMC1400.o
                0x10001178                OSCHP_GetFrequency
 .text.XMC_ERU_Enable
                0x10001188       0x10 ./Libraries/XMCLib/src/xmc1_eru.o
                0x10001188                XMC_ERU_Enable
 .text.XMC_FLASH_IsBusy
                0x10001198       0x1c ./Libraries/XMCLib/src/xmc1_flash.o
 .text.XMC_FLASH_ClearStatus
                0x100011b4       0x20 ./Libraries/XMCLib/src/xmc1_flash.o
                0x100011b4                XMC_FLASH_ClearStatus
 .text.XMC_FLASH_GetStatus
                0x100011d4       0x14 ./Libraries/XMCLib/src/xmc1_flash.o
                0x100011d4                XMC_FLASH_GetStatus
 .text.XMC_FLASH_ProgramVerifyPage
                0x100011e8       0x20 ./Libraries/XMCLib/src/xmc1_flash.o
                0x100011e8                XMC_FLASH_ProgramVerifyPage
 .text.XMC_FLASH_WriteBlocks
                0x10001208       0xbc ./Libraries/XMCLib/src/xmc1_flash.o
                0x10001208                XMC_FLASH_WriteBlocks
 .text.XMC_FLASH_ErasePages
                0x100012c4       0x44 ./Libraries/XMCLib/src/xmc1_flash.o
                0x100012c4                XMC_FLASH_ErasePages
 .text.XMC_FLASH_ReadBlocks
                0x10001308       0x4c ./Libraries/XMCLib/src/xmc1_flash.o
                0x10001308                XMC_FLASH_ReadBlocks
 .text.XMC_FLASH_ProgramPage
                0x10001354       0x1c ./Libraries/XMCLib/src/xmc1_flash.o
                0x10001354                XMC_FLASH_ProgramPage
 .text.XMC_GPIO_Init
                0x10001370      0x17c ./Libraries/XMCLib/src/xmc1_gpio.o
                0x10001370                XMC_GPIO_Init
 .text.delay    0x100014ec       0x20 ./Libraries/XMCLib/src/xmc1_scu.o
 .text.XMC_SCU_INTERRUPT_EnableEvent
                0x1000150c       0x34 ./Libraries/XMCLib/src/xmc1_scu.o
                0x1000150c                XMC_SCU_INTERRUPT_EnableEvent
 .text.XMC_SCU_INTERUPT_GetEventStatus
                0x10001540       0x44 ./Libraries/XMCLib/src/xmc1_scu.o
                0x10001540                XMC_SCU_INTERUPT_GetEventStatus
 .text.XMC_SCU_INTERRUPT_ClearEventStatus
                0x10001584       0x34 ./Libraries/XMCLib/src/xmc1_scu.o
                0x10001584                XMC_SCU_INTERRUPT_ClearEventStatus
 .text.XMC_SCU_LockProtectedBits
                0x100015b8       0x14 ./Libraries/XMCLib/src/xmc1_scu.o
                0x100015b8                XMC_SCU_LockProtectedBits
 .text.XMC_SCU_UnlockProtectedBits
                0x100015cc       0x20 ./Libraries/XMCLib/src/xmc1_scu.o
                0x100015cc                XMC_SCU_UnlockProtectedBits
 .text.XMC_SCU_CLOCK_Init
                0x100015ec      0x114 ./Libraries/XMCLib/src/xmc1_scu.o
                0x100015ec                XMC_SCU_CLOCK_Init
 .text.XMC_SCU_CLOCK_UngatePeripheralClock
                0x10001700       0x34 ./Libraries/XMCLib/src/xmc1_scu.o
                0x10001700                XMC_SCU_CLOCK_UngatePeripheralClock
 .text.XMC_SCU_CLOCK_ScaleMCLKFrequency
                0x10001734       0xbc ./Libraries/XMCLib/src/xmc1_scu.o
                0x10001734                XMC_SCU_CLOCK_ScaleMCLKFrequency
 .text.XMC_SCU_CLOCK_lFrequencyUpScaling
                0x100017f0       0x54 ./Libraries/XMCLib/src/xmc1_scu.o
 .text.XMC_SCU_CLOCK_lFrequencyDownScaling
                0x10001844       0x5c ./Libraries/XMCLib/src/xmc1_scu.o
 .text.XMC_SCU_CLOCK_GetPeripheralClockFrequency
                0x100018a0       0x14 ./Libraries/XMCLib/src/xmc1_scu.o
                0x100018a0                XMC_SCU_CLOCK_GetPeripheralClockFrequency
 .text.XMC_SCU_INTERRUPT_SetEventHandler
                0x100018b4       0x90 ./Libraries/XMCLib/src/xmc1_scu.o
                0x100018b4                XMC_SCU_INTERRUPT_SetEventHandler
 .text.XMC_SCU_IRQHandler
                0x10001944       0xfc ./Libraries/XMCLib/src/xmc1_scu.o
                0x10001944                XMC_SCU_IRQHandler
 .text.XMC_SCU_SetInterruptControl
                0x10001a40       0x8c ./Libraries/XMCLib/src/xmc1_scu.o
                0x10001a40                XMC_SCU_SetInterruptControl
 .text.XMC_CCU4_StartPrescaler
                0x10001acc       0x1c ./Libraries/XMCLib/src/xmc_ccu4.o
 .text.XMC_CCU4_lUngateClock
                0x10001ae8       0x38 ./Libraries/XMCLib/src/xmc_ccu4.o
 .text.XMC_CCU4_EnableModule
                0x10001b20       0x18 ./Libraries/XMCLib/src/xmc_ccu4.o
                0x10001b20                XMC_CCU4_EnableModule
 .text.XMC_CCU4_Init
                0x10001b38       0x48 ./Libraries/XMCLib/src/xmc_ccu4.o
                0x10001b38                XMC_CCU4_Init
 .text.XMC_CCU4_SLICE_CompareInit
                0x10001b80       0x68 ./Libraries/XMCLib/src/xmc_ccu4.o
                0x10001b80                XMC_CCU4_SLICE_CompareInit
 .text.XMC_CCU4_SLICE_SetInterruptNode
                0x10001be8       0x98 ./Libraries/XMCLib/src/xmc_ccu4.o
                0x10001be8                XMC_CCU4_SLICE_SetInterruptNode
 .text.XMC_ERU_ETL_Init
                0x10001c80       0x5c ./Libraries/XMCLib/src/xmc_eru.o
                0x10001c80                XMC_ERU_ETL_Init
 .text.XMC_ERU_OGU_SetServiceRequestMode
                0x10001cdc       0x44 ./Libraries/XMCLib/src/xmc_eru.o
                0x10001cdc                XMC_ERU_OGU_SetServiceRequestMode
 .text.XMC_GPIO_SetMode
                0x10001d20       0x90 ./Libraries/XMCLib/src/xmc_gpio.o
                0x10001d20                XMC_GPIO_SetMode
 .text.XMC_GPIO_SetHardwareControl
                0x10001db0       0x4c ./Libraries/XMCLib/src/xmc_gpio.o
                0x10001db0                XMC_GPIO_SetHardwareControl
 .text.XMC_USIC_CH_GetTransmitBufferStatus
                0x10001dfc       0x1c ./Libraries/XMCLib/src/xmc_i2c.o
 .text.XMC_I2C_CH_ClearStatusFlag
                0x10001e18       0x1c ./Libraries/XMCLib/src/xmc_i2c.o
 .text.XMC_I2C_CH_Init
                0x10001e34       0x54 ./Libraries/XMCLib/src/xmc_i2c.o
                0x10001e34                XMC_I2C_CH_Init
 .text.XMC_I2C_CH_SetSlaveAddress
                0x10001e88       0x50 ./Libraries/XMCLib/src/xmc_i2c.o
                0x10001e88                XMC_I2C_CH_SetSlaveAddress
 .text.XMC_I2C_CH_SetBaudrate
                0x10001ed8       0x98 ./Libraries/XMCLib/src/xmc_i2c.o
                0x10001ed8                XMC_I2C_CH_SetBaudrate
 .text.XMC_I2C_CH_MasterStart
                0x10001f70       0x80 ./Libraries/XMCLib/src/xmc_i2c.o
                0x10001f70                XMC_I2C_CH_MasterStart
 .text.XMC_I2C_CH_MasterRepeatedStart
                0x10001ff0       0x80 ./Libraries/XMCLib/src/xmc_i2c.o
                0x10001ff0                XMC_I2C_CH_MasterRepeatedStart
 .text.XMC_I2C_CH_MasterStop
                0x10002070       0x54 ./Libraries/XMCLib/src/xmc_i2c.o
                0x10002070                XMC_I2C_CH_MasterStop
 .text.XMC_I2C_CH_MasterTransmit
                0x100020c4       0x5c ./Libraries/XMCLib/src/xmc_i2c.o
                0x100020c4                XMC_I2C_CH_MasterTransmit
 .text.XMC_I2C_CH_MasterReceiveAck
                0x10002120       0x54 ./Libraries/XMCLib/src/xmc_i2c.o
                0x10002120                XMC_I2C_CH_MasterReceiveAck
 .text.XMC_I2C_CH_MasterReceiveNack
                0x10002174       0x54 ./Libraries/XMCLib/src/xmc_i2c.o
                0x10002174                XMC_I2C_CH_MasterReceiveNack
 .text.XMC_I2C_CH_GetReceivedData
                0x100021c8       0x40 ./Libraries/XMCLib/src/xmc_i2c.o
                0x100021c8                XMC_I2C_CH_GetReceivedData
 .text.XMC_I2C_CH_EnableEvent
                0x10002208       0x38 ./Libraries/XMCLib/src/xmc_i2c.o
                0x10002208                XMC_I2C_CH_EnableEvent
 .text.XMC_I2C_CH_DisableEvent
                0x10002240       0x3c ./Libraries/XMCLib/src/xmc_i2c.o
                0x10002240                XMC_I2C_CH_DisableEvent
 .text.__aeabi_uidiv
                0x1000227c       0x50 ./Libraries/XMCLib/src/xmc_math.o
                0x1000227c                __aeabi_uidiv
 .text.__aeabi_idiv
                0x100022cc       0x50 ./Libraries/XMCLib/src/xmc_math.o
                0x100022cc                __aeabi_idiv
 .text.__aeabi_uidivmod
                0x1000231c       0x74 ./Libraries/XMCLib/src/xmc_math.o
                0x1000231c                __aeabi_uidivmod
 .text.XMC_USIC_CH_GetTransmitBufferStatus
                0x10002390       0x1c ./Libraries/XMCLib/src/xmc_uart.o
 .text.XMC_UART_CH_ClearStatusFlag
                0x100023ac       0x18 ./Libraries/XMCLib/src/xmc_uart.o
 .text.XMC_UART_CH_Init
                0x100023c4       0xb4 ./Libraries/XMCLib/src/xmc_uart.o
                0x100023c4                XMC_UART_CH_Init
 .text.XMC_UART_CH_Transmit
                0x10002478       0x5c ./Libraries/XMCLib/src/xmc_uart.o
                0x10002478                XMC_UART_CH_Transmit
 .text.XMC_UART_CH_GetReceivedData
                0x100024d4       0x40 ./Libraries/XMCLib/src/xmc_uart.o
                0x100024d4                XMC_UART_CH_GetReceivedData
 .text.XMC_USIC_CH_Enable
                0x10002514       0x78 ./Libraries/XMCLib/src/xmc_usic.o
                0x10002514                XMC_USIC_CH_Enable
 .text.XMC_USIC_CH_SetBaudrate
                0x1000258c       0xec ./Libraries/XMCLib/src/xmc_usic.o
                0x1000258c                XMC_USIC_CH_SetBaudrate
 .text.XMC_USIC_CH_TXFIFO_Configure
                0x10002678       0x5c ./Libraries/XMCLib/src/xmc_usic.o
                0x10002678                XMC_USIC_CH_TXFIFO_Configure
 .text.XMC_USIC_CH_RXFIFO_Configure
                0x100026d4       0x64 ./Libraries/XMCLib/src/xmc_usic.o
                0x100026d4                XMC_USIC_CH_RXFIFO_Configure
 .text.XMC_USIC_CH_RXFIFO_SetSizeTriggerLimit
                0x10002738       0x5c ./Libraries/XMCLib/src/xmc_usic.o
                0x10002738                XMC_USIC_CH_RXFIFO_SetSizeTriggerLimit
 .text.XMC_USIC_CH_SetInterruptNodePointer
                0x10002794       0x40 ./Libraries/XMCLib/src/xmc_usic.o
                0x10002794                XMC_USIC_CH_SetInterruptNodePointer
 .text.XMC_USIC_CH_TXFIFO_SetInterruptNodePointer
                0x100027d4       0x48 ./Libraries/XMCLib/src/xmc_usic.o
                0x100027d4                XMC_USIC_CH_TXFIFO_SetInterruptNodePointer
 .text.XMC_USIC_CH_RXFIFO_SetInterruptNodePointer
                0x1000281c       0x48 ./Libraries/XMCLib/src/xmc_usic.o
                0x1000281c                XMC_USIC_CH_RXFIFO_SetInterruptNodePointer
 .text.XMC_USIC_Enable
                0x10002864       0x38 ./Libraries/XMCLib/src/xmc_usic.o
                0x10002864                XMC_USIC_Enable
 .text.XMC_WDT_Enable
                0x1000289c       0x14 ./Libraries/XMCLib/src/xmc_wdt.o
                0x1000289c                XMC_WDT_Enable
 .text.XMC_WDT_Init
                0x100028b0       0x30 ./Libraries/XMCLib/src/xmc_wdt.o
                0x100028b0                XMC_WDT_Init
 .text._init    0x100028e0        0x8 ./Libraries/Newlib/syscalls.o
                0x100028e0                _init
 .text.WATCHDOG_Init
                0x100028e8       0x58 ./Dave/Generated/WATCHDOG/watchdog.o
                0x100028e8                WATCHDOG_Init
 .text.WATCHDOG_lPrewarning_Configure
                0x10002940       0x6c ./Dave/Generated/WATCHDOG/watchdog.o
                0x10002940                WATCHDOG_lPrewarning_Configure
 .text.XMC_USIC_CH_EnableEvent
                0x100029ac       0x1c ./Dave/Generated/UART/uart.o
 .text.XMC_USIC_CH_DisableEvent
                0x100029c8       0x20 ./Dave/Generated/UART/uart.o
 .text.XMC_USIC_CH_GetTransmitBufferStatus
                0x100029e8       0x1c ./Dave/Generated/UART/uart.o
 .text.XMC_USIC_CH_TriggerServiceRequest
                0x10002a04       0x1c ./Dave/Generated/UART/uart.o
 .text.XMC_USIC_CH_TXFIFO_EnableEvent
                0x10002a20       0x28 ./Dave/Generated/UART/uart.o
 .text.XMC_USIC_CH_TXFIFO_DisableEvent
                0x10002a48       0x28 ./Dave/Generated/UART/uart.o
 .text.XMC_USIC_CH_TXFIFO_Flush
                0x10002a70       0x1c ./Dave/Generated/UART/uart.o
 .text.XMC_USIC_CH_TXFIFO_IsFull
                0x10002a8c       0x24 ./Dave/Generated/UART/uart.o
 .text.XMC_USIC_CH_TXFIFO_IsEmpty
                0x10002ab0       0x24 ./Dave/Generated/UART/uart.o
 .text.XMC_USIC_CH_RXFIFO_EnableEvent
                0x10002ad4       0x28 ./Dave/Generated/UART/uart.o
 .text.XMC_USIC_CH_RXFIFO_DisableEvent
                0x10002afc       0x28 ./Dave/Generated/UART/uart.o
 .text.XMC_USIC_CH_RXFIFO_Flush
                0x10002b24       0x1c ./Dave/Generated/UART/uart.o
 .text.XMC_USIC_CH_RXFIFO_IsEmpty
                0x10002b40       0x24 ./Dave/Generated/UART/uart.o
 .text.UART_Init
                0x10002b64       0x30 ./Dave/Generated/UART/uart.o
                0x10002b64                UART_Init
 .text.UART_Transmit
                0x10002b94       0x4c ./Dave/Generated/UART/uart.o
                0x10002b94                UART_Transmit
 .text.UART_Receive
                0x10002be0       0x4c ./Dave/Generated/UART/uart.o
                0x10002be0                UART_Receive
 .text.UART_StartTransmitIRQ
                0x10002c2c       0xd0 ./Dave/Generated/UART/uart.o
                0x10002c2c                UART_StartTransmitIRQ
 .text.UART_StartReceiveIRQ
                0x10002cfc       0xc8 ./Dave/Generated/UART/uart.o
                0x10002cfc                UART_StartReceiveIRQ
 .text.UART_lTransmitHandler
                0x10002dc4      0x110 ./Dave/Generated/UART/uart.o
                0x10002dc4                UART_lTransmitHandler
 .text.UART_lReceiveHandler
                0x10002ed4      0x128 ./Dave/Generated/UART/uart.o
                0x10002ed4                UART_lReceiveHandler
 .text.UART_lReconfigureRxFIFO
                0x10002ffc       0x54 ./Dave/Generated/UART/uart.o
 .text.__NVIC_EnableIRQ
                0x10003050       0x34 ./Dave/Generated/UART/uart_conf.o
 .text.__NVIC_SetPriority
                0x10003084       0xd4 ./Dave/Generated/UART/uart_conf.o
 .text.XMC_USIC_CH_SetInputSource
                0x10003158       0x48 ./Dave/Generated/UART/uart_conf.o
 .text.XMC_UART_CH_Start
                0x100031a0       0x20 ./Dave/Generated/UART/uart_conf.o
 .text.UART_0_init
                0x100031c0      0x100 ./Dave/Generated/UART/uart_conf.o
                0x100031c0                UART_0_init
 .text.IRQ12_Handler
                0x100032c0       0x14 ./Dave/Generated/UART/uart_conf.o
                0x100032c0                IRQ12_Handler
 .text.IRQ11_Handler
                0x100032d4       0x14 ./Dave/Generated/UART/uart_conf.o
                0x100032d4                IRQ11_Handler
 .text.XMC_CCU4_EnableClock
                0x100032e8       0x28 ./Dave/Generated/TIMER/timer.o
 .text.XMC_CCU4_SLICE_StartTimer
                0x10003310       0x14 ./Dave/Generated/TIMER/timer.o
 .text.XMC_CCU4_SLICE_ClearTimer
                0x10003324       0x14 ./Dave/Generated/TIMER/timer.o
 .text.XMC_CCU4_SLICE_SetTimerPeriodMatch
                0x10003338       0x1c ./Dave/Generated/TIMER/timer.o
 .text.XMC_CCU4_SLICE_SetTimerCompareMatch
                0x10003354       0x1c ./Dave/Generated/TIMER/timer.o
 .text.XMC_CCU4_EnableShadowTransfer
                0x10003370       0x18 ./Dave/Generated/TIMER/timer.o
 .text.XMC_CCU4_SLICE_EnableEvent
                0x10003388       0x2c ./Dave/Generated/TIMER/timer.o
 .text.TIMER_Init
                0x100033b4       0x48 ./Dave/Generated/TIMER/timer.o
                0x100033b4                TIMER_Init
 .text.TIMER_CCU4_lInit
                0x100033fc       0xa4 ./Dave/Generated/TIMER/timer.o
                0x100033fc                TIMER_CCU4_lInit
 .text.TIMER_CCU4_lShadowTransfer
                0x100034a0       0x3c ./Dave/Generated/TIMER/timer.o
                0x100034a0                TIMER_CCU4_lShadowTransfer
 .text.__NVIC_EnableIRQ
                0x100034dc       0x34 ./Dave/Generated/PIN_INTERRUPT/pin_interrupt.o
 .text.__NVIC_ClearPendingIRQ
                0x10003510       0x34 ./Dave/Generated/PIN_INTERRUPT/pin_interrupt.o
 .text.__NVIC_SetPriority
                0x10003544       0xd4 ./Dave/Generated/PIN_INTERRUPT/pin_interrupt.o
 .text.PIN_INTERRUPT_Init
                0x10003618       0x94 ./Dave/Generated/PIN_INTERRUPT/pin_interrupt.o
                0x10003618                PIN_INTERRUPT_Init
 .text.__NVIC_EnableIRQ
                0x100036ac       0x34 ./Dave/Generated/INTERRUPT/interrupt.o
 .text.__NVIC_SetPriority
                0x100036e0       0xd4 ./Dave/Generated/INTERRUPT/interrupt.o
 .text.INTERRUPT_Enable
                0x100037b4       0x1c ./Dave/Generated/INTERRUPT/interrupt.o
 .text.INTERRUPT_Init
                0x100037d0       0x58 ./Dave/Generated/INTERRUPT/interrupt.o
                0x100037d0                INTERRUPT_Init
 .text.__NVIC_ClearPendingIRQ
                0x10003828       0x34 ./Dave/Generated/I2C_MASTER/i2c_master.o
 .text.XMC_USIC_CH_EnableEvent
                0x1000385c       0x1c ./Dave/Generated/I2C_MASTER/i2c_master.o
 .text.XMC_USIC_CH_DisableEvent
                0x10003878       0x20 ./Dave/Generated/I2C_MASTER/i2c_master.o
 .text.XMC_USIC_CH_GetTransmitBufferStatus
                0x10003898       0x1c ./Dave/Generated/I2C_MASTER/i2c_master.o
 .text.XMC_USIC_CH_TriggerServiceRequest
                0x100038b4       0x1c ./Dave/Generated/I2C_MASTER/i2c_master.o
 .text.XMC_USIC_CH_TXFIFO_EnableEvent
                0x100038d0       0x28 ./Dave/Generated/I2C_MASTER/i2c_master.o
 .text.XMC_USIC_CH_TXFIFO_DisableEvent
                0x100038f8       0x28 ./Dave/Generated/I2C_MASTER/i2c_master.o
 .text.XMC_USIC_CH_TXFIFO_IsFull
                0x10003920       0x24 ./Dave/Generated/I2C_MASTER/i2c_master.o
 .text.XMC_USIC_CH_TXFIFO_IsEmpty
                0x10003944       0x24 ./Dave/Generated/I2C_MASTER/i2c_master.o
 .text.XMC_USIC_CH_RXFIFO_EnableEvent
                0x10003968       0x28 ./Dave/Generated/I2C_MASTER/i2c_master.o
 .text.XMC_USIC_CH_RXFIFO_DisableEvent
                0x10003990       0x28 ./Dave/Generated/I2C_MASTER/i2c_master.o
 .text.XMC_USIC_CH_RXFIFO_Flush
                0x100039b8       0x1c ./Dave/Generated/I2C_MASTER/i2c_master.o
 .text.XMC_USIC_CH_RXFIFO_IsEmpty
                0x100039d4       0x24 ./Dave/Generated/I2C_MASTER/i2c_master.o
 .text.XMC_I2C_CH_SetInterruptNodePointer
                0x100039f8       0x24 ./Dave/Generated/I2C_MASTER/i2c_master.o
 .text.XMC_I2C_CH_GetStatusFlag
                0x10003a1c       0x14 ./Dave/Generated/I2C_MASTER/i2c_master.o
 .text.XMC_I2C_CH_ClearStatusFlag
                0x10003a30       0x1c ./Dave/Generated/I2C_MASTER/i2c_master.o
 .text.I2C_MASTER_SetRXFIFOTriggerLimit
                0x10003a4c       0x28 ./Dave/Generated/I2C_MASTER/i2c_master.o
 .text.I2C_MASTER_IsTXFIFOFull
                0x10003a74       0x1c ./Dave/Generated/I2C_MASTER/i2c_master.o
 .text.I2C_MASTER_IsRXFIFOEmpty
                0x10003a90       0x1c ./Dave/Generated/I2C_MASTER/i2c_master.o
 .text.I2C_MASTER_GetReceivedByte
                0x10003aac       0x1c ./Dave/Generated/I2C_MASTER/i2c_master.o
 .text.I2C_MASTER_TransmitByte
                0x10003ac8       0x24 ./Dave/Generated/I2C_MASTER/i2c_master.o
 .text.I2C_MASTER_EnableEvent
                0x10003aec       0x20 ./Dave/Generated/I2C_MASTER/i2c_master.o
 .text.I2C_MASTER_DisableEvent
                0x10003b0c       0x20 ./Dave/Generated/I2C_MASTER/i2c_master.o
 .text.I2C_MASTER_ReceiveACK
                0x10003b2c       0x18 ./Dave/Generated/I2C_MASTER/i2c_master.o
 .text.I2C_MASTER_ReceiveNACK
                0x10003b44       0x18 ./Dave/Generated/I2C_MASTER/i2c_master.o
 .text.I2C_MASTER_SendStop
                0x10003b5c       0x24 ./Dave/Generated/I2C_MASTER/i2c_master.o
 .text.I2C_MASTER_SendStart
                0x10003b80       0x38 ./Dave/Generated/I2C_MASTER/i2c_master.o
 .text.I2C_MASTER_SendRepeatedStart
                0x10003bb8       0x38 ./Dave/Generated/I2C_MASTER/i2c_master.o
 .text.calculate_minfifosize
                0x10003bf0       0x28 ./Dave/Generated/I2C_MASTER/i2c_master.o
 .text.I2C_MASTER_Init
                0x10003c18       0x38 ./Dave/Generated/I2C_MASTER/i2c_master.o
                0x10003c18                I2C_MASTER_Init
 .text.I2C_MASTER_GetFlagStatus
                0x10003c50       0x28 ./Dave/Generated/I2C_MASTER/i2c_master.o
                0x10003c50                I2C_MASTER_GetFlagStatus
 .text.I2C_MASTER_ClearFlag
                0x10003c78       0x20 ./Dave/Generated/I2C_MASTER/i2c_master.o
                0x10003c78                I2C_MASTER_ClearFlag
 .text.I2C_MASTER_Transmit
                0x10003c98       0x5c ./Dave/Generated/I2C_MASTER/i2c_master.o
                0x10003c98                I2C_MASTER_Transmit
 .text.I2C_MASTER_TransmitHandler
                0x10003cf4      0x298 ./Dave/Generated/I2C_MASTER/i2c_master.o
                0x10003cf4                I2C_MASTER_TransmitHandler
 .text.I2C_MASTER_lSendStop_JumpTo_TxCallback
                0x10003f8c       0x68 ./Dave/Generated/I2C_MASTER/i2c_master.o
 .text.I2C_MASTER_Receive
                0x10003ff4       0x64 ./Dave/Generated/I2C_MASTER/i2c_master.o
                0x10003ff4                I2C_MASTER_Receive
 .text.I2C_MASTER_lReceive_FIFOData
                0x10004058      0x20c ./Dave/Generated/I2C_MASTER/i2c_master.o
 .text.I2C_MASTER_lReceive_StdData
                0x10004264      0x178 ./Dave/Generated/I2C_MASTER/i2c_master.o
 .text.I2C_MASTER_lSendStart_Or_RepeatedStart
                0x100043dc       0x58 ./Dave/Generated/I2C_MASTER/i2c_master.o
 .text.I2C_MASTER_StartTransmitIRQ
                0x10004434       0xfc ./Dave/Generated/I2C_MASTER/i2c_master.o
                0x10004434                I2C_MASTER_StartTransmitIRQ
 .text.I2C_MASTER_StartReceiveIRQ
                0x10004530      0x10c ./Dave/Generated/I2C_MASTER/i2c_master.o
                0x10004530                I2C_MASTER_StartReceiveIRQ
 .text.I2C_MASTER_ReceiveHandler
                0x1000463c      0x290 ./Dave/Generated/I2C_MASTER/i2c_master.o
                0x1000463c                I2C_MASTER_ReceiveHandler
 .text.I2C_MASTER_lSendStop_JumpTo_RxCallback
                0x100048cc       0x74 ./Dave/Generated/I2C_MASTER/i2c_master.o
 .text.I2C_MASTER_ProtocolHandler
                0x10004940       0x90 ./Dave/Generated/I2C_MASTER/i2c_master.o
                0x10004940                I2C_MASTER_ProtocolHandler
 .text.I2C_MASTER_lReconfigureRxFIFO
                0x100049d0       0x9c ./Dave/Generated/I2C_MASTER/i2c_master.o
 .text.__NVIC_EnableIRQ
                0x10004a6c       0x34 ./Dave/Generated/I2C_MASTER/i2c_master_conf.o
 .text.__NVIC_SetPriority
                0x10004aa0       0xd4 ./Dave/Generated/I2C_MASTER/i2c_master_conf.o
 .text.XMC_USIC_CH_SetInputSource
                0x10004b74       0x48 ./Dave/Generated/I2C_MASTER/i2c_master_conf.o
 .text.XMC_USIC_CH_TXFIFO_EnableEvent
                0x10004bbc       0x28 ./Dave/Generated/I2C_MASTER/i2c_master_conf.o
 .text.XMC_USIC_CH_RXFIFO_EnableEvent
                0x10004be4       0x28 ./Dave/Generated/I2C_MASTER/i2c_master_conf.o
 .text.XMC_USIC_CH_SetMode
                0x10004c0c       0x28 ./Dave/Generated/I2C_MASTER/i2c_master_conf.o
 .text.XMC_I2C_CH_Start
                0x10004c34       0x18 ./Dave/Generated/I2C_MASTER/i2c_master_conf.o
 .text.I2C_MASTER_0_disable_io
                0x10004c4c       0x24 ./Dave/Generated/I2C_MASTER/i2c_master_conf.o
 .text.I2C_MASTER_0_enable_io
                0x10004c70       0x28 ./Dave/Generated/I2C_MASTER/i2c_master_conf.o
 .text.I2C_MASTER_0_init
                0x10004c98      0x134 ./Dave/Generated/I2C_MASTER/i2c_master_conf.o
                0x10004c98                I2C_MASTER_0_init
 .text.IRQ10_Handler
                0x10004dcc       0x14 ./Dave/Generated/I2C_MASTER/i2c_master_conf.o
                0x10004dcc                IRQ10_Handler
 .text.IRQ9_Handler
                0x10004de0       0x14 ./Dave/Generated/I2C_MASTER/i2c_master_conf.o
                0x10004de0                IRQ9_Handler
 .text.__NVIC_EnableIRQ
                0x10004df4       0x34 ./Dave/Generated/GLOBAL_SCU_XMC1/global_scu_xmc1.o
 .text.__NVIC_SetPriority
                0x10004e28       0xd4 ./Dave/Generated/GLOBAL_SCU_XMC1/global_scu_xmc1.o
 .text.GLOBAL_SCU_XMC1_Init
                0x10004efc       0xb8 ./Dave/Generated/GLOBAL_SCU_XMC1/global_scu_xmc1.o
                0x10004efc                GLOBAL_SCU_XMC1_Init
 .text.IRQ0_Handler
                0x10004fb4       0x10 ./Dave/Generated/GLOBAL_SCU_XMC1/global_scu_xmc1.o
                0x10004fb4                IRQ0_Handler
 .text.IRQ1_Handler
                0x10004fc4       0x10 ./Dave/Generated/GLOBAL_SCU_XMC1/global_scu_xmc1.o
                0x10004fc4                IRQ1_Handler
 .text.IRQ2_Handler
                0x10004fd4       0x10 ./Dave/Generated/GLOBAL_SCU_XMC1/global_scu_xmc1.o
                0x10004fd4                IRQ2_Handler
 .text.GLOBAL_SCU_XMC1_RegisterCallback
                0x10004fe4       0x30 ./Dave/Generated/GLOBAL_SCU_XMC1/global_scu_xmc1.o
                0x10004fe4                GLOBAL_SCU_XMC1_RegisterCallback
 .text.XMC_CCU4_StartPrescaler
                0x10005014       0x1c ./Dave/Generated/GLOBAL_CCU4/global_ccu4.o
 .text.GLOBAL_CCU4_Init
                0x10005030       0x40 ./Dave/Generated/GLOBAL_CCU4/global_ccu4.o
                0x10005030                GLOBAL_CCU4_Init
 .text.XMC_FLASH_SetHardReadLevel
                0x10005070       0x40 ./Dave/Generated/E_EEPROM_XMC1/e_eeprom_xmc1.o
 .text.E_EEPROM_XMC1_Init
                0x100050b0      0x128 ./Dave/Generated/E_EEPROM_XMC1/e_eeprom_xmc1.o
                0x100050b0                E_EEPROM_XMC1_Init
 .text.E_EEPROM_XMC1_Write
                0x100051d8       0x54 ./Dave/Generated/E_EEPROM_XMC1/e_eeprom_xmc1.o
                0x100051d8                E_EEPROM_XMC1_Write
 .text.E_EEPROM_XMC1_Read
                0x1000522c       0xe0 ./Dave/Generated/E_EEPROM_XMC1/e_eeprom_xmc1.o
                0x1000522c                E_EEPROM_XMC1_Read
 .text.E_EEPROM_XMC1_lInitGc
                0x1000530c       0xa4 ./Dave/Generated/E_EEPROM_XMC1/e_eeprom_xmc1.o
 .text.E_EEPROM_XMC1_lInitllegalStateMachine
                0x100053b0       0x38 ./Dave/Generated/E_EEPROM_XMC1/e_eeprom_xmc1.o
 .text.E_EEPROM_XMC1_lInitDirtyStateMachine
                0x100053e8       0xa8 ./Dave/Generated/E_EEPROM_XMC1/e_eeprom_xmc1.o
 .text.E_EEPROM_XMC1_lInitNormalStateMachine
                0x10005490       0x24 ./Dave/Generated/E_EEPROM_XMC1/e_eeprom_xmc1.o
 .text.E_EEPROM_XMC1_lInitBank0NormalStateMachine
                0x100054b4       0x98 ./Dave/Generated/E_EEPROM_XMC1/e_eeprom_xmc1.o
 .text.E_EEPROM_XMC1_lInitBank1NormalStateMachine
                0x1000554c       0x98 ./Dave/Generated/E_EEPROM_XMC1/e_eeprom_xmc1.o
 .text.E_EEPROM_XMC1_lInitOtherNormalStateMachine
                0x100055e4       0x9c ./Dave/Generated/E_EEPROM_XMC1/e_eeprom_xmc1.o
 .text.E_EEPROM_XMC1_lInitGcNormalStates
                0x10005680       0x60 ./Dave/Generated/E_EEPROM_XMC1/e_eeprom_xmc1.o
 .text.E_EEPROM_XMC1_lInitGcDataCopyState
                0x100056e0       0x78 ./Dave/Generated/E_EEPROM_XMC1/e_eeprom_xmc1.o
 .text.E_EEPROM_XMC1_lErasedDirtyStateRecovery
                0x10005758       0x74 ./Dave/Generated/E_EEPROM_XMC1/e_eeprom_xmc1.o
 .text.E_EEPROM_XMC1_lCopyProcessDirtyStateRecovery
                0x100057cc       0x80 ./Dave/Generated/E_EEPROM_XMC1/e_eeprom_xmc1.o
 .text.E_EEPROM_XMC1_lGarbageCollection
                0x1000584c       0xa0 ./Dave/Generated/E_EEPROM_XMC1/e_eeprom_xmc1.o
 .text.E_EEPROM_XMC1_lHandleGcRequested
                0x100058ec       0x88 ./Dave/Generated/E_EEPROM_XMC1/e_eeprom_xmc1.o
 .text.E_EEPROM_XMC1_lHandleGcStartCopy
                0x10005974       0xd4 ./Dave/Generated/E_EEPROM_XMC1/e_eeprom_xmc1.o
 .text.E_EEPROM_XMC1_lHandleGcCopyWrite
                0x10005a48       0xec ./Dave/Generated/E_EEPROM_XMC1/e_eeprom_xmc1.o
 .text.E_EEPROM_XMC1_lHandleGcEndOfCopy
                0x10005b34       0x58 ./Dave/Generated/E_EEPROM_XMC1/e_eeprom_xmc1.o
 .text.E_EEPROM_XMC1_lHandleGcOtherStates
                0x10005b8c       0x7c ./Dave/Generated/E_EEPROM_XMC1/e_eeprom_xmc1.o
 .text.E_EEPROM_XMC1_lPrepareDFlash
                0x10005c08      0x100 ./Dave/Generated/E_EEPROM_XMC1/e_eeprom_xmc1.o
 .text.E_EEPROM_XMC1_lUpdateCache
                0x10005d08       0xf8 ./Dave/Generated/E_EEPROM_XMC1/e_eeprom_xmc1.o
 .text.E_EEPROM_XMC1_lCacheEmptyBlkEval
                0x10005e00       0xbc ./Dave/Generated/E_EEPROM_XMC1/e_eeprom_xmc1.o
 .text.E_EEPROM_XMC1_lEvalBlockStatus
                0x10005ebc      0x138 ./Dave/Generated/E_EEPROM_XMC1/e_eeprom_xmc1.o
 .text.E_EEPROM_XMC1_lUpdateCacheBlockRead
                0x10005ff4       0x48 ./Dave/Generated/E_EEPROM_XMC1/e_eeprom_xmc1.o
 .text.E_EEPROM_XMC1_lGetUsrBlockIndex
                0x1000603c       0x60 ./Dave/Generated/E_EEPROM_XMC1/e_eeprom_xmc1.o
 .text.E_EEPROM_XMC1_lGetDFLASHPhysicalBlocks
                0x1000609c       0x3c ./Dave/Generated/E_EEPROM_XMC1/e_eeprom_xmc1.o
 .text.E_EEPROM_XMC1_lGetFreeDFLASHBlocks
                0x100060d8       0x48 ./Dave/Generated/E_EEPROM_XMC1/e_eeprom_xmc1.o
 .text.E_EEPROM_XMC1_lUpdateCurrBankInfo
                0x10006120       0x6c ./Dave/Generated/E_EEPROM_XMC1/e_eeprom_xmc1.o
 .text.E_EEPROM_XMC1_lReadMarkerBlocks
                0x1000618c       0x8c ./Dave/Generated/E_EEPROM_XMC1/e_eeprom_xmc1.o
 .text.E_EEPROM_XMC1_lReadVerifyMarker
                0x10006218       0xb8 ./Dave/Generated/E_EEPROM_XMC1/e_eeprom_xmc1.o
 .text.E_EEPROM_XMC1_lSetMarkerBlockBuffer
                0x100062d0       0x3c ./Dave/Generated/E_EEPROM_XMC1/e_eeprom_xmc1.o
 .text.E_EEPROM_XMC1_lSetMarkerPageBuffer
                0x1000630c       0x88 ./Dave/Generated/E_EEPROM_XMC1/e_eeprom_xmc1.o
 .text.E_EEPROM_XMC1_lEraseBank
                0x10006394       0x54 ./Dave/Generated/E_EEPROM_XMC1/e_eeprom_xmc1.o
 .text.E_EEPROM_XMC1_lGCWrite
                0x100063e8       0x38 ./Dave/Generated/E_EEPROM_XMC1/e_eeprom_xmc1.o
 .text.E_EEPROM_XMC1_lLocalWrite
                0x10006420      0x104 ./Dave/Generated/E_EEPROM_XMC1/e_eeprom_xmc1.o
 .text.E_EEPROM_XMC1_lHandleWriteReq
                0x10006524      0x160 ./Dave/Generated/E_EEPROM_XMC1/e_eeprom_xmc1.o
 .text.E_EEPROM_XMC1_lHandleInvalidReq
                0x10006684       0xac ./Dave/Generated/E_EEPROM_XMC1/e_eeprom_xmc1.o
 .text.E_EEPROM_XMC1_lPopulateFirstBlock
                0x10006730       0xc4 ./Dave/Generated/E_EEPROM_XMC1/e_eeprom_xmc1.o
 .text.E_EEPROM_XMC1_lPopulateNextBlock
                0x100067f4       0xb0 ./Dave/Generated/E_EEPROM_XMC1/e_eeprom_xmc1.o
 .text.E_EEPROM_XMC1_lWriteDataBlock
                0x100068a4       0x4c ./Dave/Generated/E_EEPROM_XMC1/e_eeprom_xmc1.o
 .text.E_EEPROM_XMC1_lReadBlockContents
                0x100068f0       0xf8 ./Dave/Generated/E_EEPROM_XMC1/e_eeprom_xmc1.o
 .text.E_EEPROM_XMC1_lWriteSingleBlock
                0x100069e8       0x20 ./Dave/Generated/E_EEPROM_XMC1/e_eeprom_xmc1.o
 .text.E_EEPROM_XMC1_lReadSingleBlock
                0x10006a08       0x20 ./Dave/Generated/E_EEPROM_XMC1/e_eeprom_xmc1.o
 .text.E_EEPROM_XMC1_lWriteSinglePage
                0x10006a28       0x1c ./Dave/Generated/E_EEPROM_XMC1/e_eeprom_xmc1.o
 .text.E_EEPROM_XMC1_lEraseSinglePage
                0x10006a44       0x18 ./Dave/Generated/E_EEPROM_XMC1/e_eeprom_xmc1.o
 .text.E_EEPROM_XMC1_lGetFlashStatus
                0x10006a5c       0x18 ./Dave/Generated/E_EEPROM_XMC1/e_eeprom_xmc1.o
 .text.DIGITAL_IO_Init
                0x10006a74       0x40 ./Dave/Generated/DIGITAL_IO/digital_io.o
                0x10006a74                DIGITAL_IO_Init
 .text.SystemCoreSetup
                0x10006ab4        0x8 ./Dave/Generated/CPU_CTRL_XMC1/cpu_ctrl_xmc1_conf.o
                0x10006ab4                SystemCoreSetup
 .text.CLOCK_XMC1_Init
                0x10006abc       0x84 ./Dave/Generated/CLOCK_XMC1/clock_xmc1.o
                0x10006abc                CLOCK_XMC1_Init
 .text.SystemCoreClockSetup
                0x10006b40       0x24 ./Dave/Generated/CLOCK_XMC1/clock_xmc1_conf.o
                0x10006b40                SystemCoreClockSetup
 .text.DAVE_Init
                0x10006b64      0x218 ./Dave/Generated/DAVE.o
                0x10006b64                DAVE_Init
 .text.XMC_GPIO_SetOutputHigh
                0x10006d7c       0x20 ./Action.o
 .text.XMC_GPIO_SetOutputLow
                0x10006d9c       0x24 ./Action.o
 .text.DIGITAL_IO_SetOutputHigh
                0x10006dc0       0x20 ./Action.o
 .text.DIGITAL_IO_SetOutputLow
                0x10006de0       0x20 ./Action.o
 .text.ActionInit
                0x10006e00       0x14 ./Action.o
                0x10006e00                ActionInit
 .text.ActionTask
                0x10006e14      0x488 ./Action.o
                0x10006e14                ActionTask
 .text.XMC_GPIO_SetOutputHigh
                0x1000729c       0x20 ./Conf.o
 .text.XMC_GPIO_SetOutputLow
                0x100072bc       0x24 ./Conf.o
 .text.XMC_GPIO_GetInput
                0x100072e0       0x28 ./Conf.o
 .text.DIGITAL_IO_SetOutputHigh
                0x10007308       0x20 ./Conf.o
 .text.DIGITAL_IO_SetOutputLow
                0x10007328       0x20 ./Conf.o
 .text.DIGITAL_IO_GetInput
                0x10007348       0x24 ./Conf.o
 .text.ConfInit
                0x1000736c      0x144 ./Conf.o
                0x1000736c                ConfInit
 .text.ConfTask
                0x100074b0      0x498 ./Conf.o
                0x100074b0                ConfTask
 .text.IRQ6_Handler
                0x10007948       0x14 ./Conf.o
                0x10007948                IRQ6_Handler
 .text.XMC_GPIO_GetInput
                0x1000795c       0x28 ./Debauce.o
 .text.DIGITAL_IO_GetInput
                0x10007984       0x24 ./Debauce.o
 .text.DebauceInit
                0x100079a8       0x14 ./Debauce.o
                0x100079a8                DebauceInit
 .text.DebauceTask
                0x100079bc       0xac ./Debauce.o
                0x100079bc                DebauceTask
 .text.XMC_USIC_CH_RXFIFO_ClearEvent
                0x10007a68       0x1c ./ReadAxis1.o
 .text.UART_ClearRXFIFOStatus
                0x10007a84       0x20 ./ReadAxis1.o
 .text.I2C_MASTER_IsTxBusy
                0x10007aa4       0x1c ./ReadAxis1.o
 .text.I2C_MASTER_IsRxBusy
                0x10007ac0       0x1c ./ReadAxis1.o
 .text.ReadAxis1Init
                0x10007adc       0x4c ./ReadAxis1.o
                0x10007adc                ReadAxis1Init
 .text.ReadAxis1Task
                0x10007b28      0x3c0 ./ReadAxis1.o
                0x10007b28                ReadAxis1Task
 .text.TransmitAngleTask
                0x10007ee8      0x128 ./ReadAxis1.o
                0x10007ee8                TransmitAngleTask
 .text.ReceiveCentral
                0x10008010      0x1a8 ./ReadAxis1.o
                0x10008010                ReceiveCentral
 .text.ReadAxis1GetCRC
                0x100081b8       0x5c ./ReadAxis1.o
                0x100081b8                ReadAxis1GetCRC
 .text.SetupSensor
                0x10008214      0x5f8 ./ReadAxis1.o
                0x10008214                SetupSensor
 .text.lis2dw12_from_fs2_to_mg
                0x1000880c       0x30 ./ReadAxis1.o
                0x1000880c                lis2dw12_from_fs2_to_mg
 .text.XMC_WDT_Start
                0x1000883c       0x18 ./main.o
 .text.XMC_WDT_Stop
                0x10008854       0x18 ./main.o
 .text.XMC_WDT_Service
                0x1000886c       0x18 ./main.o
 .text.XMC_WDT_ClearAlarm
                0x10008884       0x14 ./main.o
 .text.WATCHDOG_Start
                0x10008898        0xc ./main.o
 .text.WATCHDOG_Stop
                0x100088a4        0xc ./main.o
 .text.WATCHDOG_Service
                0x100088b0        0xc ./main.o
 .text.WATCHDOG_ClearAlarm
                0x100088bc        0xc ./main.o
 .text.main     0x100088c8      0x16c ./main.o
                0x100088c8                main
 .text.Watchdog_Handler
                0x10008a34       0x14 ./main.o
                0x10008a34                Watchdog_Handler
 .text.scheduler
                0x10008a48       0x50 ./scheduler.o
                0x10008a48                scheduler
 .text.IRQ7_Handler
                0x10008a98       0x70 ./scheduler.o
                0x10008a98                IRQ7_Handler
 .text.taskSetState
                0x10008b08       0x30 ./scheduler.o
                0x10008b08                taskSetState
 .text.acos     0x10008b38       0xb4 c:/users/victor.paschoal/documents/dave-ide-4.4.2-64bit/eclipse/arm-gcc-49/bin/../lib/gcc/arm-none-eabi/4.9.3/../../../../arm-none-eabi/lib/armv6-m\libm.a(lib_a-w_acos.o)
                0x10008b38                acos
 .text.asin     0x10008bec       0xb4 c:/users/victor.paschoal/documents/dave-ide-4.4.2-64bit/eclipse/arm-gcc-49/bin/../lib/gcc/arm-none-eabi/4.9.3/../../../../arm-none-eabi/lib/armv6-m\libm.a(lib_a-w_asin.o)
                0x10008bec                asin
 .text.__ieee754_acos
                0x10008ca0      0x404 c:/users/victor.paschoal/documents/dave-ide-4.4.2-64bit/eclipse/arm-gcc-49/bin/../lib/gcc/arm-none-eabi/4.9.3/../../../../arm-none-eabi/lib/armv6-m\libm.a(lib_a-e_acos.o)
                0x10008ca0                __ieee754_acos
 .text.__ieee754_asin
                0x100090a4      0x3d4 c:/users/victor.paschoal/documents/dave-ide-4.4.2-64bit/eclipse/arm-gcc-49/bin/../lib/gcc/arm-none-eabi/4.9.3/../../../../arm-none-eabi/lib/armv6-m\libm.a(lib_a-e_asin.o)
                0x100090a4                __ieee754_asin
 .text.__ieee754_sqrt
                0x10009478      0x1ec c:/users/victor.paschoal/documents/dave-ide-4.4.2-64bit/eclipse/arm-gcc-49/bin/../lib/gcc/arm-none-eabi/4.9.3/../../../../arm-none-eabi/lib/armv6-m\libm.a(lib_a-e_sqrt.o)
                0x10009478                __ieee754_sqrt
 .text.fabs     0x10009664        0x8 c:/users/victor.paschoal/documents/dave-ide-4.4.2-64bit/eclipse/arm-gcc-49/bin/../lib/gcc/arm-none-eabi/4.9.3/../../../../arm-none-eabi/lib/armv6-m\libm.a(lib_a-s_fabs.o)
                0x10009664                fabs
 .text.__fpclassifyd
                0x1000966c       0x5c c:/users/victor.paschoal/documents/dave-ide-4.4.2-64bit/eclipse/arm-gcc-49/bin/../lib/gcc/arm-none-eabi/4.9.3/../../../../arm-none-eabi/lib/armv6-m\libm.a(lib_a-s_fpclassify.o)
                0x1000966c                __fpclassifyd
 .text.matherr  0x100096c8        0x4 c:/users/victor.paschoal/documents/dave-ide-4.4.2-64bit/eclipse/arm-gcc-49/bin/../lib/gcc/arm-none-eabi/4.9.3/../../../../arm-none-eabi/lib/armv6-m\libm.a(lib_a-s_matherr.o)
                0x100096c8                matherr
 .text.nan      0x100096cc        0xc c:/users/victor.paschoal/documents/dave-ide-4.4.2-64bit/eclipse/arm-gcc-49/bin/../lib/gcc/arm-none-eabi/4.9.3/../../../../arm-none-eabi/lib/armv6-m\libm.a(lib_a-s_nan.o)
                0x100096cc                nan
 .text          0x100096d8       0x7c c:/users/victor.paschoal/documents/dave-ide-4.4.2-64bit/eclipse/arm-gcc-49/bin/../lib/gcc/arm-none-eabi/4.9.3/armv6-m\libgcc.a(_arm_cmpdf2.o)
                0x100096d8                __aeabi_cdrcmple
                0x100096e8                __aeabi_cdcmple
                0x100096e8                __aeabi_cdcmpeq
                0x100096f8                __aeabi_dcmpeq
                0x10009704                __aeabi_dcmplt
                0x10009718                __aeabi_dcmple
                0x1000972c                __aeabi_dcmpgt
                0x10009740                __aeabi_dcmpge
 .text          0x10009754       0x74 c:/users/victor.paschoal/documents/dave-ide-4.4.2-64bit/eclipse/arm-gcc-49/bin/../lib/gcc/arm-none-eabi/4.9.3/armv6-m\libgcc.a(_arm_cmpsf2.o)
                0x10009754                __aeabi_cfrcmple
                0x1000975c                __aeabi_cfcmpeq
                0x1000975c                __aeabi_cfcmple
                0x1000976c                __aeabi_fcmpeq
                0x10009778                __aeabi_fcmplt
                0x1000978c                __aeabi_fcmple
                0x100097a0                __aeabi_fcmpgt
                0x100097b4                __aeabi_fcmpge
 .text          0x100097c8       0x30 c:/users/victor.paschoal/documents/dave-ide-4.4.2-64bit/eclipse/arm-gcc-49/bin/../lib/gcc/arm-none-eabi/4.9.3/armv6-m\libgcc.a(_fixunssfsi.o)
                0x100097c8                __fixunssfsi
                0x100097c8                __aeabi_f2uiz
 .text          0x100097f8      0x2f8 c:/users/victor.paschoal/documents/dave-ide-4.4.2-64bit/eclipse/arm-gcc-49/bin/../lib/gcc/arm-none-eabi/4.9.3/armv6-m\libgcc.a(addsf3.o)
                0x100097f8                __aeabi_fadd
 .text          0x10009af0      0x270 c:/users/victor.paschoal/documents/dave-ide-4.4.2-64bit/eclipse/arm-gcc-49/bin/../lib/gcc/arm-none-eabi/4.9.3/armv6-m\libgcc.a(divsf3.o)
                0x10009af0                __aeabi_fdiv
 .text          0x10009d60       0x54 c:/users/victor.paschoal/documents/dave-ide-4.4.2-64bit/eclipse/arm-gcc-49/bin/../lib/gcc/arm-none-eabi/4.9.3/armv6-m\libgcc.a(eqsf2.o)
                0x10009d60                __eqsf2
                0x10009d60                __nesf2
 .text          0x10009db4       0x94 c:/users/victor.paschoal/documents/dave-ide-4.4.2-64bit/eclipse/arm-gcc-49/bin/../lib/gcc/arm-none-eabi/4.9.3/armv6-m\libgcc.a(gesf2.o)
                0x10009db4                __gesf2
                0x10009db4                __gtsf2
 .text          0x10009e48       0x8c c:/users/victor.paschoal/documents/dave-ide-4.4.2-64bit/eclipse/arm-gcc-49/bin/../lib/gcc/arm-none-eabi/4.9.3/armv6-m\libgcc.a(lesf2.o)
                0x10009e48                __ltsf2
                0x10009e48                __lesf2
 .text          0x10009ed4      0x264 c:/users/victor.paschoal/documents/dave-ide-4.4.2-64bit/eclipse/arm-gcc-49/bin/../lib/gcc/arm-none-eabi/4.9.3/armv6-m\libgcc.a(mulsf3.o)
                0x10009ed4                __aeabi_fmul
 .text          0x1000a138      0x2fc c:/users/victor.paschoal/documents/dave-ide-4.4.2-64bit/eclipse/arm-gcc-49/bin/../lib/gcc/arm-none-eabi/4.9.3/armv6-m\libgcc.a(subsf3.o)
                0x1000a138                __aeabi_fsub
 .text          0x1000a434       0x40 c:/users/victor.paschoal/documents/dave-ide-4.4.2-64bit/eclipse/arm-gcc-49/bin/../lib/gcc/arm-none-eabi/4.9.3/armv6-m\libgcc.a(fixsfsi.o)
                0x1000a434                __aeabi_f2iz
 .text          0x1000a474       0x90 c:/users/victor.paschoal/documents/dave-ide-4.4.2-64bit/eclipse/arm-gcc-49/bin/../lib/gcc/arm-none-eabi/4.9.3/armv6-m\libgcc.a(floatsisf.o)
                0x1000a474                __aeabi_i2f
 .text          0x1000a504      0x650 c:/users/victor.paschoal/documents/dave-ide-4.4.2-64bit/eclipse/arm-gcc-49/bin/../lib/gcc/arm-none-eabi/4.9.3/armv6-m\libgcc.a(adddf3.o)
                0x1000a504                __aeabi_dadd
 .text          0x1000ab54      0x648 c:/users/victor.paschoal/documents/dave-ide-4.4.2-64bit/eclipse/arm-gcc-49/bin/../lib/gcc/arm-none-eabi/4.9.3/armv6-m\libgcc.a(divdf3.o)
                0x1000ab54                __aeabi_ddiv
 .text          0x1000b19c       0x88 c:/users/victor.paschoal/documents/dave-ide-4.4.2-64bit/eclipse/arm-gcc-49/bin/../lib/gcc/arm-none-eabi/4.9.3/armv6-m\libgcc.a(eqdf2.o)
                0x1000b19c                __nedf2
                0x1000b19c                __eqdf2
 .text          0x1000b224       0xe0 c:/users/victor.paschoal/documents/dave-ide-4.4.2-64bit/eclipse/arm-gcc-49/bin/../lib/gcc/arm-none-eabi/4.9.3/armv6-m\libgcc.a(gedf2.o)
                0x1000b224                __gedf2
                0x1000b224                __gtdf2
 .text          0x1000b304       0xcc c:/users/victor.paschoal/documents/dave-ide-4.4.2-64bit/eclipse/arm-gcc-49/bin/../lib/gcc/arm-none-eabi/4.9.3/armv6-m\libgcc.a(ledf2.o)
                0x1000b304                __ledf2
                0x1000b304                __ltdf2
 .text          0x1000b3d0      0x534 c:/users/victor.paschoal/documents/dave-ide-4.4.2-64bit/eclipse/arm-gcc-49/bin/../lib/gcc/arm-none-eabi/4.9.3/armv6-m\libgcc.a(muldf3.o)
                0x1000b3d0                __aeabi_dmul
 .text          0x1000b904      0x6f4 c:/users/victor.paschoal/documents/dave-ide-4.4.2-64bit/eclipse/arm-gcc-49/bin/../lib/gcc/arm-none-eabi/4.9.3/armv6-m\libgcc.a(subdf3.o)
                0x1000b904                __aeabi_dsub
 .text          0x1000bff8       0xa8 c:/users/victor.paschoal/documents/dave-ide-4.4.2-64bit/eclipse/arm-gcc-49/bin/../lib/gcc/arm-none-eabi/4.9.3/armv6-m\libgcc.a(extendsfdf2.o)
                0x1000bff8                __aeabi_f2d
 .text          0x1000c0a0      0x120 c:/users/victor.paschoal/documents/dave-ide-4.4.2-64bit/eclipse/arm-gcc-49/bin/../lib/gcc/arm-none-eabi/4.9.3/armv6-m\libgcc.a(truncdfsf2.o)
                0x1000c0a0                __aeabi_d2f
 .text          0x1000c1c0       0x3c c:/users/victor.paschoal/documents/dave-ide-4.4.2-64bit/eclipse/arm-gcc-49/bin/../lib/gcc/arm-none-eabi/4.9.3/armv6-m\libgcc.a(_clzsi2.o)
                0x1000c1c0                __clzsi2
 .text.__errno  0x1000c1fc        0xc c:/users/victor.paschoal/documents/dave-ide-4.4.2-64bit/eclipse/arm-gcc-49/bin/../lib/gcc/arm-none-eabi/4.9.3/../../../../arm-none-eabi/lib/armv6-m\libg_nano.a(lib_a-errno.o)
                0x1000c1fc                __errno
 .text.__libc_init_array
                0x1000c208       0x4c c:/users/victor.paschoal/documents/dave-ide-4.4.2-64bit/eclipse/arm-gcc-49/bin/../lib/gcc/arm-none-eabi/4.9.3/../../../../arm-none-eabi/lib/armv6-m\libg_nano.a(lib_a-init.o)
                0x1000c208                __libc_init_array
 .text.memset   0x1000c254       0x10 c:/users/victor.paschoal/documents/dave-ide-4.4.2-64bit/eclipse/arm-gcc-49/bin/../lib/gcc/arm-none-eabi/4.9.3/../../../../arm-none-eabi/lib/armv6-m\libg_nano.a(lib_a-memset.o)
                0x1000c254                memset
 *(.init)
 *(.fini)
 *crtbegin.o(.ctors)
 *crtbegin?.o(.ctors)
 *(EXCLUDE_FILE(*crtend.o *crtend?.o) .ctors)
 *(SORT(.ctors.*))
 *(.ctors)
 *crtbegin.o(.dtors)
 *crtbegin?.o(.dtors)
 *(EXCLUDE_FILE(*crtend.o *crtend?.o) .dtors)
 *(SORT(.dtors.*))
 *(.dtors)
 *(.rodata .rodata.*)
 .rodata.XMC_CCU4_SLICE_SetInterruptNode
                0x1000c264       0x28 ./Libraries/XMCLib/src/xmc_ccu4.o
 .rodata.UART_0_channel_config
                0x1000c28c        0xc ./Dave/Generated/UART/uart_conf.o
                0x1000c28c                UART_0_channel_config
 .rodata.UART_0_tx_pin_config
                0x1000c298        0x8 ./Dave/Generated/UART/uart_conf.o
                0x1000c298                UART_0_tx_pin_config
 .rodata.UART_0_tx_pin
                0x1000c2a0        0xc ./Dave/Generated/UART/uart_conf.o
                0x1000c2a0                UART_0_tx_pin
 .rodata.UART_0_config
                0x1000c2ac       0x30 ./Dave/Generated/UART/uart_conf.o
                0x1000c2ac                UART_0_config
 .rodata.UART_0_rx_pin_config
                0x1000c2dc        0x8 ./Dave/Generated/UART/uart_conf.o
                0x1000c2dc                UART_0_rx_pin_config
 .rodata.PIN_INTERRUPT_ANG_MAX
                0x1000c2e4       0x20 ./Dave/Generated/PIN_INTERRUPT/pin_interrupt_conf.o
                0x1000c2e4                PIN_INTERRUPT_ANG_MAX
 .rodata.INTERRUPT_0
                0x1000c304        0x8 ./Dave/Generated/INTERRUPT/interrupt_conf.o
                0x1000c304                INTERRUPT_0
 .rodata.I2C_MASTER_0_sda_pin_config
                0x1000c30c        0x8 ./Dave/Generated/I2C_MASTER/i2c_master_conf.o
 .rodata.I2C_MASTER_0_scl_pin_config
                0x1000c314        0x8 ./Dave/Generated/I2C_MASTER/i2c_master_conf.o
 .rodata.I2C_MASTER_0_channel_config
                0x1000c31c        0x8 ./Dave/Generated/I2C_MASTER/i2c_master_conf.o
                0x1000c31c                I2C_MASTER_0_channel_config
 .rodata.I2C_MASTER_0_config
                0x1000c324       0x2c ./Dave/Generated/I2C_MASTER/i2c_master_conf.o
                0x1000c324                I2C_MASTER_0_config
 .rodata.GLOBAL_SCU_XMC1_0_config
                0x1000c350        0x8 ./Dave/Generated/GLOBAL_SCU_XMC1/global_scu_xmc1_conf.o
                0x1000c350                GLOBAL_SCU_XMC1_0_config
 .rodata.E_EEPROM_XMC1_lGarbageCollection
                0x1000c358       0x24 ./Dave/Generated/E_EEPROM_XMC1/e_eeprom_xmc1.o
 .rodata.E_EEPROM_XMC1_block_Config
                0x1000c37c       0x30 ./Dave/Generated/E_EEPROM_XMC1/e_eeprom_xmc1_conf.o
                0x1000c37c                E_EEPROM_XMC1_block_Config
 .rodata.LED1   0x1000c3ac       0x10 ./Dave/Generated/DIGITAL_IO/digital_io_conf.o
                0x1000c3ac                LED1
 .rodata.LED2   0x1000c3bc       0x10 ./Dave/Generated/DIGITAL_IO/digital_io_conf.o
                0x1000c3bc                LED2
 .rodata.PARTIDA
                0x1000c3cc       0x10 ./Dave/Generated/DIGITAL_IO/digital_io_conf.o
                0x1000c3cc                PARTIDA
 .rodata.REVERSAO
                0x1000c3dc       0x10 ./Dave/Generated/DIGITAL_IO/digital_io_conf.o
                0x1000c3dc                REVERSAO
 .rodata.LED_CONF_10
                0x1000c3ec       0x10 ./Dave/Generated/DIGITAL_IO/digital_io_conf.o
                0x1000c3ec                LED_CONF_10
 .rodata.LED_CONF_5
                0x1000c3fc       0x10 ./Dave/Generated/DIGITAL_IO/digital_io_conf.o
                0x1000c3fc                LED_CONF_5
 .rodata.LED_CONF_15
                0x1000c40c       0x10 ./Dave/Generated/DIGITAL_IO/digital_io_conf.o
                0x1000c40c                LED_CONF_15
 .rodata.LED_CONF_MIN_0
                0x1000c41c       0x10 ./Dave/Generated/DIGITAL_IO/digital_io_conf.o
                0x1000c41c                LED_CONF_MIN_0
 .rodata.LED_CONF_MIN_5
                0x1000c42c       0x10 ./Dave/Generated/DIGITAL_IO/digital_io_conf.o
                0x1000c42c                LED_CONF_MIN_5
 .rodata.BOT_AUTO
                0x1000c43c       0x10 ./Dave/Generated/DIGITAL_IO/digital_io_conf.o
                0x1000c43c                BOT_AUTO
 .rodata.BOT_MANUAL
                0x1000c44c       0x10 ./Dave/Generated/DIGITAL_IO/digital_io_conf.o
                0x1000c44c                BOT_MANUAL
 .rodata.BOT_MIN
                0x1000c45c       0x10 ./Dave/Generated/DIGITAL_IO/digital_io_conf.o
                0x1000c45c                BOT_MIN
 .rodata        0x1000c46c       0x10 ./Dave/Generated/CLOCK_XMC1/clock_xmc1_conf.o
 .rodata.ReceiveCentral
                0x1000c47c       0xf4 ./ReadAxis1.o
 .rodata.str1.4
                0x1000c570        0x5 c:/users/victor.paschoal/documents/dave-ide-4.4.2-64bit/eclipse/arm-gcc-49/bin/../lib/gcc/arm-none-eabi/4.9.3/../../../../arm-none-eabi/lib/armv6-m\libm.a(lib_a-w_acos.o)
                                  0xc (size before relaxing)
 *fill*         0x1000c575        0x3 
 .rodata.str1.4
                0x1000c578        0x8 c:/users/victor.paschoal/documents/dave-ide-4.4.2-64bit/eclipse/arm-gcc-49/bin/../lib/gcc/arm-none-eabi/4.9.3/../../../../arm-none-eabi/lib/armv6-m\libm.a(lib_a-w_asin.o)
                                  0xc (size before relaxing)
 .rodata        0x1000c580       0x80 c:/users/victor.paschoal/documents/dave-ide-4.4.2-64bit/eclipse/arm-gcc-49/bin/../lib/gcc/arm-none-eabi/4.9.3/armv6-m\libgcc.a(divsf3.o)
 .rodata        0x1000c600       0x40 c:/users/victor.paschoal/documents/dave-ide-4.4.2-64bit/eclipse/arm-gcc-49/bin/../lib/gcc/arm-none-eabi/4.9.3/armv6-m\libgcc.a(mulsf3.o)
 .rodata        0x1000c640       0x40 c:/users/victor.paschoal/documents/dave-ide-4.4.2-64bit/eclipse/arm-gcc-49/bin/../lib/gcc/arm-none-eabi/4.9.3/armv6-m\libgcc.a(divdf3.o)
 .rodata        0x1000c680       0x40 c:/users/victor.paschoal/documents/dave-ide-4.4.2-64bit/eclipse/arm-gcc-49/bin/../lib/gcc/arm-none-eabi/4.9.3/armv6-m\libgcc.a(muldf3.o)
 .rodata.str1.1
                0x1000c6c0        0x2 c:/users/victor.paschoal/documents/dave-ide-4.4.2-64bit/eclipse/arm-gcc-49/bin/../lib/gcc/arm-none-eabi/4.9.3/../../../../arm-none-eabi/lib/armv6-m\libg_nano.a(lib_a-impure.o)
 *(.gnu.linkonce.r*)
 *(vtable)
                0x1000c6c4                . = ALIGN (0x4)
 *fill*         0x1000c6c2        0x2 

.glue_7         0x1000c6c4        0x0
 .glue_7        0x00000000        0x0 linker stubs

.glue_7t        0x1000c6c4        0x0
 .glue_7t       0x00000000        0x0 linker stubs

.vfp11_veneer   0x1000c6c4        0x0
 .vfp11_veneer  0x00000000        0x0 linker stubs

.v4_bx          0x1000c6c4        0x0
 .v4_bx         0x00000000        0x0 linker stubs

.iplt           0x1000c6c4        0x0
 .iplt          0x00000000        0x0 ./Startup/startup_XMC1400.o

.eh_frame_hdr
 *(.eh_frame_hdr)

.eh_frame
 *(.eh_frame)

.ARM.extab
 *(.ARM.extab* .gnu.linkonce.armextab.*)
                0x1000c6c4                . = ALIGN (0x4)
                0x1000c6c4                __exidx_start = .

.ARM.exidx
 *(.ARM.exidx* .gnu.linkonce.armexidx.*)
                0x1000c6c4                __exidx_end = .
                0x1000c6c4                . = ALIGN (0x4)

.VENEER_Code    0x2000000c      0x144 load address 0x1000c6c4
                0x2000000c                . = ALIGN (0x4)
                0x2000000c                VeneerStart = .
 *(.XmcVeneerCode)
 .XmcVeneerCode
                0x2000000c      0x144 ./Startup/startup_XMC1400.o
                0x2000000c                HardFault_Veener
                0x2000002c                SVC_Veener
                0x20000038                PendSV_Veener
                0x2000003c                SysTick_Veener
                0x20000040                IRQ0_Veener
                0x20000044                IRQ1_Veener
                0x20000048                IRQ2_Veener
                0x2000004c                IRQ3_Veener
                0x20000050                IRQ4_Veener
                0x20000054                IRQ5_Veener
                0x20000058                IRQ6_Veener
                0x2000005c                IRQ7_Veener
                0x20000060                IRQ8_Veener
                0x20000064                IRQ9_Veener
                0x20000068                IRQ10_Veener
                0x2000006c                IRQ11_Veener
                0x20000070                IRQ12_Veener
                0x20000074                IRQ13_Veener
                0x20000078                IRQ14_Veener
                0x2000007c                IRQ15_Veener
                0x20000080                IRQ16_Veener
                0x20000084                IRQ17_Veener
                0x20000088                IRQ18_Veener
                0x2000008c                IRQ19_Veener
                0x20000090                IRQ20_Veener
                0x20000094                IRQ21_Veener
                0x20000098                IRQ22_Veener
                0x2000009c                IRQ23_Veener
                0x200000a0                IRQ24_Veener
                0x200000a4                IRQ25_Veener
                0x200000a8                IRQ26_Veener
                0x200000ac                IRQ27_Veener
                0x200000b0                IRQ28_Veener
                0x200000b4                IRQ29_Veener
                0x200000b8                IRQ30_Veener
                0x200000bc                IRQ31_Veener
                0x20000150                . = ALIGN (0x4)
                0x20000150                VeneerEnd = .
                0x1000c6c4                eROData = LOADADDR (.VENEER_Code)
                0x00000144                VeneerSize = (ABSOLUTE (VeneerEnd) - ABSOLUTE (VeneerStart))

.rel.dyn        0x20000150        0x0 load address 0x1000c808
 .rel.iplt      0x00000000        0x0 ./Startup/startup_XMC1400.o

Stack           0x20000150      0x400 load address 0x00000000
                0x20000150                . = ALIGN (0x8)
                0x20000550                . = (. + stack_size)
 *fill*         0x20000150      0x400 
                0x20000550                __initial_sp = .

.data           0x20000550      0x14c load address 0x1000c808
                0x20000550                . = ALIGN (0x4)
                0x20000550                __data_start = .
 *(.data)
 *(.data*)
 .data.event_masks
                0x20000550       0x18 ./Libraries/XMCLib/src/xmc1_scu.o
 .data.WATCHDOG_0_Config
                0x20000568        0xc ./Dave/Generated/WATCHDOG/watchdog_conf.o
                0x20000568                WATCHDOG_0_Config
 .data.WATCHDOG_0
                0x20000574       0x10 ./Dave/Generated/WATCHDOG/watchdog_conf.o
                0x20000574                WATCHDOG_0
 .data.UART_0   0x20000584        0xc ./Dave/Generated/UART/uart_conf.o
                0x20000584                UART_0
 .data.TIMER_0_config
                0x20000590        0x8 ./Dave/Generated/TIMER/timer_conf.o
                0x20000590                TIMER_0_config
 .data.TIMER_0  0x20000598       0x28 ./Dave/Generated/TIMER/timer_conf.o
                0x20000598                TIMER_0
 .data.I2C_MASTER_0_runtime
                0x200005c0       0x2c ./Dave/Generated/I2C_MASTER/i2c_master_conf.o
                0x200005c0                I2C_MASTER_0_runtime
 .data.I2C_MASTER_0
                0x200005ec        0xc ./Dave/Generated/I2C_MASTER/i2c_master_conf.o
                0x200005ec                I2C_MASTER_0
 .data.GLOBAL_SCU_XMC1_0
                0x200005f8        0x8 ./Dave/Generated/GLOBAL_SCU_XMC1/global_scu_xmc1_conf.o
                0x200005f8                GLOBAL_SCU_XMC1_0
 .data.GLOBAL_CCU4_0
                0x20000600       0x10 ./Dave/Generated/GLOBAL_CCU4/global_ccu4_conf.o
                0x20000600                GLOBAL_CCU4_0
 .data.E_EEPROM_XMC1_0
                0x20000610       0x10 ./Dave/Generated/E_EEPROM_XMC1/e_eeprom_xmc1_conf.o
                0x20000610                E_EEPROM_XMC1_0
 .data.func     0x20000620       0x14 ./scheduler.o
                0x20000620                func
 .data.__fdlib_version
                0x20000634        0x1 c:/users/victor.paschoal/documents/dave-ide-4.4.2-64bit/eclipse/arm-gcc-49/bin/../lib/gcc/arm-none-eabi/4.9.3/../../../../arm-none-eabi/lib/armv6-m\libm.a(lib_a-s_lib_ver.o)
                0x20000634                __fdlib_version
 *fill*         0x20000635        0x3 
 .data.impure_data
                0x20000638       0x60 c:/users/victor.paschoal/documents/dave-ide-4.4.2-64bit/eclipse/arm-gcc-49/bin/../lib/gcc/arm-none-eabi/4.9.3/../../../../arm-none-eabi/lib/armv6-m\libg_nano.a(lib_a-impure.o)
 .data._impure_ptr
                0x20000698        0x4 c:/users/victor.paschoal/documents/dave-ide-4.4.2-64bit/eclipse/arm-gcc-49/bin/../lib/gcc/arm-none-eabi/4.9.3/../../../../arm-none-eabi/lib/armv6-m\libg_nano.a(lib_a-impure.o)
                0x20000698                _impure_ptr
 *(*.data)
 *(.gnu.linkonce.d*)
                0x2000069c                . = ALIGN (0x4)
                0x2000069c                PROVIDE (__preinit_array_start, .)
 *(.preinit_array)
                0x2000069c                PROVIDE (__preinit_array_end, .)
                0x2000069c                . = ALIGN (0x4)
                0x2000069c                PROVIDE (__init_array_start, .)
 *(SORT(.init_array.*))
 *(.init_array)
                0x2000069c                PROVIDE (__init_array_end, .)
                0x2000069c                . = ALIGN (0x4)
                0x2000069c                PROVIDE (__fini_array_start, .)
 *(SORT(.fini_array.*))
 *(.fini_array)
                0x2000069c                PROVIDE (__fini_array_end, .)
                0x2000069c                . = ALIGN (0x4)
                0x2000069c                __data_end = .
                0x1000c808                DataLoadAddr = LOADADDR (.data)
                0x0000014c                __data_size = (__data_end - __data_start)

.igot.plt       0x2000069c        0x0 load address 0x1000c954
 .igot.plt      0x00000000        0x0 ./Startup/startup_XMC1400.o

.ram_code       0x2000069c        0x0 load address 0x1000c954
                0x2000069c                . = ALIGN (0x4)
                0x2000069c                __ram_code_start = .
 *(.ram_code)
                0x2000069c                . = ALIGN (0x4)
                0x2000069c                __ram_code_end = .
                0x1000c954                __ram_code_load = LOADADDR (.ram_code)
                0x00000000                __ram_code_size = (__ram_code_end - __ram_code_start)
                0x0000b954                __text_size = ((((__exidx_end - sText) + VeneerSize) + __data_size) + __ram_code_size)
                0x1000c954                eText = (sText + __text_size)

.bss            0x2000069c      0x64c load address 0x1000c954
                0x2000069c                . = ALIGN (0x4)
                0x2000069c                __bss_start = .
 *(.bss)
 *(.bss*)
 .bss.IDIV.5069
                0x2000069c        0x4 ./Startup/system_XMC1400.o
 .bss.FDIV.5070
                0x200006a0        0x4 ./Startup/system_XMC1400.o
 .bss.event_handler_list
                0x200006a4      0x100 ./Libraries/XMCLib/src/xmc1_scu.o
 .bss.UART_0_runtime
                0x200007a4       0x1c ./Dave/Generated/UART/uart_conf.o
                0x200007a4                UART_0_runtime
 .bss.CLOCK_XMC1_0
                0x200007c0        0x4 ./Dave/Generated/CLOCK_XMC1/clock_xmc1_conf.o
                0x200007c0                CLOCK_XMC1_0
 *(COMMON)
 COMMON         0x200007c4      0x190 ./Dave/Generated/E_EEPROM_XMC1/e_eeprom_xmc1_conf.o
                0x200007c4                E_EEPROM_XMC1_data
 COMMON         0x20000954       0xf8 ./Action.o
                0x20000954                ACTION
 COMMON         0x20000a4c       0xe8 ./Conf.o
                0x20000a4c                CONF
 COMMON         0x20000b34       0xe4 ./Debauce.o
                0x20000b34                DEBAUCE
 COMMON         0x20000c18       0xbc ./ReadAxis1.o
                0x20000c18                ReadAxis1
 COMMON         0x20000cd4       0x14 ./scheduler.o
                0x20000cd4                tasksTimer
 *(.gnu.linkonce.b*)
                0x20000ce8                . = ALIGN (0x4)
                0x20000ce8                __bss_end = .
                0x20000ce8                . = ALIGN (0x8)
                0x20000ce8                Heap_Bank1_Start = .
                0x0000064c                __bss_size = (__bss_end - __bss_start)

.no_init        0x20003ffc        0x4 load address 0x00003eac
                0x20003ffc                Heap_Bank1_End = .
 *(.no_init)
 .no_init       0x20003ffc        0x4 ./Startup/system_XMC1400.o
                0x20003ffc                SystemCoreClock
                0x00003314                Heap_Bank1_Size = (Heap_Bank1_End - Heap_Bank1_Start)
                0x00000001                ASSERT ((Heap_Bank1_Start <= Heap_Bank1_End), region SRAM overflowed no_init section)

/DISCARD/
 *(.comment)

.stab
 *(.stab)

.stabstr
 *(.stabstr)

.debug
 *(.debug)

.line
 *(.line)

.debug_srcinfo
 *(.debug_srcinfo)

.debug_sfnames
 *(.debug_sfnames)

.debug_aranges  0x00000000     0x1238
 *(.debug_aranges)
 .debug_aranges
                0x00000000       0x28 ./Startup/startup_XMC1400.o
 .debug_aranges
                0x00000028       0x40 ./Startup/system_XMC1400.o
 .debug_aranges
                0x00000068       0x28 ./Libraries/XMCLib/src/xmc1_eru.o
 .debug_aranges
                0x00000090       0x80 ./Libraries/XMCLib/src/xmc1_flash.o
 .debug_aranges
                0x00000110       0x28 ./Libraries/XMCLib/src/xmc1_gpio.o
 .debug_aranges
                0x00000138      0x150 ./Libraries/XMCLib/src/xmc1_scu.o
 .debug_aranges
                0x00000288      0x128 ./Libraries/XMCLib/src/xmc_ccu4.o
 .debug_aranges
                0x000003b0       0x88 ./Libraries/XMCLib/src/xmc_eru.o
 .debug_aranges
                0x00000438       0x28 ./Libraries/XMCLib/src/xmc_gpio.o
 .debug_aranges
                0x00000460       0xa8 ./Libraries/XMCLib/src/xmc_i2c.o
 .debug_aranges
                0x00000508       0xf0 ./Libraries/XMCLib/src/xmc_math.o
 .debug_aranges
                0x000005f8       0x70 ./Libraries/XMCLib/src/xmc_uart.o
 .debug_aranges
                0x00000668       0x90 ./Libraries/XMCLib/src/xmc_usic.o
 .debug_aranges
                0x000006f8       0x30 ./Libraries/XMCLib/src/xmc_wdt.o
 .debug_aranges
                0x00000728       0x28 ./Libraries/Newlib/syscalls.o
 .debug_aranges
                0x00000750       0x30 ./Dave/Generated/WATCHDOG/watchdog.o
 .debug_aranges
                0x00000780       0x18 ./Dave/Generated/WATCHDOG/watchdog_conf.o
 .debug_aranges
                0x00000798       0xf8 ./Dave/Generated/UART/uart.o
 .debug_aranges
                0x00000890       0x50 ./Dave/Generated/UART/uart_conf.o
 .debug_aranges
                0x000008e0       0xd8 ./Dave/Generated/TIMER/timer.o
 .debug_aranges
                0x000009b8       0x18 ./Dave/Generated/TIMER/timer_conf.o
 .debug_aranges
                0x000009d0       0x50 ./Dave/Generated/PIN_INTERRUPT/pin_interrupt.o
 .debug_aranges
                0x00000a20       0x18 ./Dave/Generated/PIN_INTERRUPT/pin_interrupt_conf.o
 .debug_aranges
                0x00000a38       0x40 ./Dave/Generated/INTERRUPT/interrupt.o
 .debug_aranges
                0x00000a78       0x18 ./Dave/Generated/INTERRUPT/interrupt_conf.o
 .debug_aranges
                0x00000a90      0x1b0 ./Dave/Generated/I2C_MASTER/i2c_master.o
 .debug_aranges
                0x00000c40       0x78 ./Dave/Generated/I2C_MASTER/i2c_master_conf.o
 .debug_aranges
                0x00000cb8       0x58 ./Dave/Generated/GLOBAL_SCU_XMC1/global_scu_xmc1.o
 .debug_aranges
                0x00000d10       0x18 ./Dave/Generated/GLOBAL_SCU_XMC1/global_scu_xmc1_conf.o
 .debug_aranges
                0x00000d28       0x30 ./Dave/Generated/GLOBAL_CCU4/global_ccu4.o
 .debug_aranges
                0x00000d58       0x18 ./Dave/Generated/GLOBAL_CCU4/global_ccu4_conf.o
 .debug_aranges
                0x00000d70      0x1e8 ./Dave/Generated/E_EEPROM_XMC1/e_eeprom_xmc1.o
 .debug_aranges
                0x00000f58       0x18 ./Dave/Generated/E_EEPROM_XMC1/e_eeprom_xmc1_conf.o
 .debug_aranges
                0x00000f70       0x28 ./Dave/Generated/DIGITAL_IO/digital_io.o
 .debug_aranges
                0x00000f98       0x18 ./Dave/Generated/DIGITAL_IO/digital_io_conf.o
 .debug_aranges
                0x00000fb0       0x20 ./Dave/Generated/CPU_CTRL_XMC1/cpu_ctrl_xmc1_conf.o
 .debug_aranges
                0x00000fd0       0x30 ./Dave/Generated/CLOCK_XMC1/clock_xmc1.o
 .debug_aranges
                0x00001000       0x20 ./Dave/Generated/CLOCK_XMC1/clock_xmc1_conf.o
 .debug_aranges
                0x00001020       0x20 ./Dave/Generated/DAVE.o
 .debug_aranges
                0x00001040       0x48 ./Action.o
 .debug_aranges
                0x00001088       0x60 ./Conf.o
 .debug_aranges
                0x000010e8       0x38 ./Debauce.o
 .debug_aranges
                0x00001120       0x78 ./ReadAxis1.o
 .debug_aranges
                0x00001198       0x68 ./main.o
 .debug_aranges
                0x00001200       0x38 ./scheduler.o

.debug_pubnames
 *(.debug_pubnames)

.debug_pubtypes
 *(.debug_pubtypes)

.debug_info     0x00000000    0x1c834
 *(.debug_info .gnu.linkonce.wi.*)
 .debug_info    0x00000000       0x7d ./Startup/startup_XMC1400.o
 .debug_info    0x0000007d      0x370 ./Startup/system_XMC1400.o
 .debug_info    0x000003ed      0x380 ./Libraries/XMCLib/src/xmc1_eru.o
 .debug_info    0x0000076d      0x4e4 ./Libraries/XMCLib/src/xmc1_flash.o
 .debug_info    0x00000c51      0x438 ./Libraries/XMCLib/src/xmc1_gpio.o
 .debug_info    0x00001089     0x137e ./Libraries/XMCLib/src/xmc1_scu.o
 .debug_info    0x00002407     0x1505 ./Libraries/XMCLib/src/xmc_ccu4.o
 .debug_info    0x0000390c      0xa86 ./Libraries/XMCLib/src/xmc_eru.o
 .debug_info    0x00004392      0x3cb ./Libraries/XMCLib/src/xmc_gpio.o
 .debug_info    0x0000475d      0xa30 ./Libraries/XMCLib/src/xmc_i2c.o
 .debug_info    0x0000518d      0xc8a ./Libraries/XMCLib/src/xmc_math.o
 .debug_info    0x00005e17      0x863 ./Libraries/XMCLib/src/xmc_uart.o
 .debug_info    0x0000667a      0xab1 ./Libraries/XMCLib/src/xmc_usic.o
 .debug_info    0x0000712b      0x29e ./Libraries/XMCLib/src/xmc_wdt.o
 .debug_info    0x000073c9      0x11f ./Libraries/Newlib/syscalls.o
 .debug_info    0x000074e8      0x37a ./Dave/Generated/WATCHDOG/watchdog.o
 .debug_info    0x00007862      0x290 ./Dave/Generated/WATCHDOG/watchdog_conf.o
 .debug_info    0x00007af2     0x14ed ./Dave/Generated/UART/uart.o
 .debug_info    0x00008fdf     0x12eb ./Dave/Generated/UART/uart_conf.o
 .debug_info    0x0000a2ca      0xd92 ./Dave/Generated/TIMER/timer.o
 .debug_info    0x0000b05c      0x83a ./Dave/Generated/TIMER/timer_conf.o
 .debug_info    0x0000b896      0xfbd ./Dave/Generated/PIN_INTERRUPT/pin_interrupt.o
 .debug_info    0x0000c853      0xcd0 ./Dave/Generated/PIN_INTERRUPT/pin_interrupt_conf.o
 .debug_info    0x0000d523      0x852 ./Dave/Generated/INTERRUPT/interrupt.o
 .debug_info    0x0000dd75      0x523 ./Dave/Generated/INTERRUPT/interrupt_conf.o
 .debug_info    0x0000e298     0x18cb ./Dave/Generated/I2C_MASTER/i2c_master.o
 .debug_info    0x0000fb63     0x12ee ./Dave/Generated/I2C_MASTER/i2c_master_conf.o
 .debug_info    0x00010e51      0x935 ./Dave/Generated/GLOBAL_SCU_XMC1/global_scu_xmc1.o
 .debug_info    0x00011786      0x169 ./Dave/Generated/GLOBAL_SCU_XMC1/global_scu_xmc1_conf.o
 .debug_info    0x000118ef      0x353 ./Dave/Generated/GLOBAL_CCU4/global_ccu4.o
 .debug_info    0x00011c42      0x253 ./Dave/Generated/GLOBAL_CCU4/global_ccu4_conf.o
 .debug_info    0x00011e95     0x19db ./Dave/Generated/E_EEPROM_XMC1/e_eeprom_xmc1.o
 .debug_info    0x00013870      0x46e ./Dave/Generated/E_EEPROM_XMC1/e_eeprom_xmc1_conf.o
 .debug_info    0x00013cde      0x4ed ./Dave/Generated/DIGITAL_IO/digital_io.o
 .debug_info    0x000141cb      0x4ee ./Dave/Generated/DIGITAL_IO/digital_io_conf.o
 .debug_info    0x000146b9       0xd3 ./Dave/Generated/CPU_CTRL_XMC1/cpu_ctrl_xmc1_conf.o
 .debug_info    0x0001478c      0x219 ./Dave/Generated/CLOCK_XMC1/clock_xmc1.o
 .debug_info    0x000149a5      0x2a4 ./Dave/Generated/CLOCK_XMC1/clock_xmc1_conf.o
 .debug_info    0x00014c49     0x2310 ./Dave/Generated/DAVE.o
 .debug_info    0x00016f59     0x12fc ./Action.o
 .debug_info    0x00018255     0x15f7 ./Conf.o
 .debug_info    0x0001984c      0xb06 ./Debauce.o
 .debug_info    0x0001a352     0x1493 ./ReadAxis1.o
 .debug_info    0x0001b7e5      0xaae ./main.o
 .debug_info    0x0001c293      0x5a1 ./scheduler.o

.debug_abbrev   0x00000000     0x4114
 *(.debug_abbrev)
 .debug_abbrev  0x00000000       0x12 ./Startup/startup_XMC1400.o
 .debug_abbrev  0x00000012      0x115 ./Startup/system_XMC1400.o
 .debug_abbrev  0x00000127      0x119 ./Libraries/XMCLib/src/xmc1_eru.o
 .debug_abbrev  0x00000240      0x145 ./Libraries/XMCLib/src/xmc1_flash.o
 .debug_abbrev  0x00000385       0xdf ./Libraries/XMCLib/src/xmc1_gpio.o
 .debug_abbrev  0x00000464      0x244 ./Libraries/XMCLib/src/xmc1_scu.o
 .debug_abbrev  0x000006a8      0x1eb ./Libraries/XMCLib/src/xmc_ccu4.o
 .debug_abbrev  0x00000893      0x1d7 ./Libraries/XMCLib/src/xmc_eru.o
 .debug_abbrev  0x00000a6a       0xdf ./Libraries/XMCLib/src/xmc_gpio.o
 .debug_abbrev  0x00000b49      0x26f ./Libraries/XMCLib/src/xmc_i2c.o
 .debug_abbrev  0x00000db8      0x24a ./Libraries/XMCLib/src/xmc_math.o
 .debug_abbrev  0x00001002      0x1ed ./Libraries/XMCLib/src/xmc_uart.o
 .debug_abbrev  0x000011ef      0x1da ./Libraries/XMCLib/src/xmc_usic.o
 .debug_abbrev  0x000013c9      0x15c ./Libraries/XMCLib/src/xmc_wdt.o
 .debug_abbrev  0x00001525       0xbd ./Libraries/Newlib/syscalls.o
 .debug_abbrev  0x000015e2      0x14b ./Dave/Generated/WATCHDOG/watchdog.o
 .debug_abbrev  0x0000172d       0xe8 ./Dave/Generated/WATCHDOG/watchdog_conf.o
 .debug_abbrev  0x00001815      0x255 ./Dave/Generated/UART/uart.o
 .debug_abbrev  0x00001a6a      0x1f0 ./Dave/Generated/UART/uart_conf.o
 .debug_abbrev  0x00001c5a      0x21a ./Dave/Generated/TIMER/timer.o
 .debug_abbrev  0x00001e74      0x149 ./Dave/Generated/TIMER/timer_conf.o
 .debug_abbrev  0x00001fbd      0x220 ./Dave/Generated/PIN_INTERRUPT/pin_interrupt.o
 .debug_abbrev  0x000021dd      0x178 ./Dave/Generated/PIN_INTERRUPT/pin_interrupt_conf.o
 .debug_abbrev  0x00002355      0x19f ./Dave/Generated/INTERRUPT/interrupt.o
 .debug_abbrev  0x000024f4       0xac ./Dave/Generated/INTERRUPT/interrupt_conf.o
 .debug_abbrev  0x000025a0      0x2bb ./Dave/Generated/I2C_MASTER/i2c_master.o
 .debug_abbrev  0x0000285b      0x213 ./Dave/Generated/I2C_MASTER/i2c_master_conf.o
 .debug_abbrev  0x00002a6e      0x1a6 ./Dave/Generated/GLOBAL_SCU_XMC1/global_scu_xmc1.o
 .debug_abbrev  0x00002c14       0x95 ./Dave/Generated/GLOBAL_SCU_XMC1/global_scu_xmc1_conf.o
 .debug_abbrev  0x00002ca9      0x15e ./Dave/Generated/GLOBAL_CCU4/global_ccu4.o
 .debug_abbrev  0x00002e07       0xdd ./Dave/Generated/GLOBAL_CCU4/global_ccu4_conf.o
 .debug_abbrev  0x00002ee4      0x202 ./Dave/Generated/E_EEPROM_XMC1/e_eeprom_xmc1.o
 .debug_abbrev  0x000030e6      0x100 ./Dave/Generated/E_EEPROM_XMC1/e_eeprom_xmc1_conf.o
 .debug_abbrev  0x000031e6       0xfd ./Dave/Generated/DIGITAL_IO/digital_io.o
 .debug_abbrev  0x000032e3       0xb2 ./Dave/Generated/DIGITAL_IO/digital_io_conf.o
 .debug_abbrev  0x00003395       0x80 ./Dave/Generated/CPU_CTRL_XMC1/cpu_ctrl_xmc1_conf.o
 .debug_abbrev  0x00003415       0xdd ./Dave/Generated/CLOCK_XMC1/clock_xmc1.o
 .debug_abbrev  0x000034f2       0xfb ./Dave/Generated/CLOCK_XMC1/clock_xmc1_conf.o
 .debug_abbrev  0x000035ed      0x226 ./Dave/Generated/DAVE.o
 .debug_abbrev  0x00003813      0x12f ./Action.o
 .debug_abbrev  0x00003942      0x17b ./Conf.o
 .debug_abbrev  0x00003abd      0x133 ./Debauce.o
 .debug_abbrev  0x00003bf0      0x28e ./ReadAxis1.o
 .debug_abbrev  0x00003e7e      0x156 ./main.o
 .debug_abbrev  0x00003fd4      0x140 ./scheduler.o

.debug_line     0x00000000     0x9a07
 *(.debug_line)
 .debug_line    0x00000000       0xe2 ./Startup/startup_XMC1400.o
 .debug_line    0x000000e2      0x206 ./Startup/system_XMC1400.o
 .debug_line    0x000002e8      0x1a5 ./Libraries/XMCLib/src/xmc1_eru.o
 .debug_line    0x0000048d      0x3e5 ./Libraries/XMCLib/src/xmc1_flash.o
 .debug_line    0x00000872      0x1ca ./Libraries/XMCLib/src/xmc1_gpio.o
 .debug_line    0x00000a3c      0x5d2 ./Libraries/XMCLib/src/xmc1_scu.o
 .debug_line    0x0000100e      0x59e ./Libraries/XMCLib/src/xmc_ccu4.o
 .debug_line    0x000015ac      0x293 ./Libraries/XMCLib/src/xmc_eru.o
 .debug_line    0x0000183f      0x1bd ./Libraries/XMCLib/src/xmc_gpio.o
 .debug_line    0x000019fc      0x368 ./Libraries/XMCLib/src/xmc_i2c.o
 .debug_line    0x00001d64      0x563 ./Libraries/XMCLib/src/xmc_math.o
 .debug_line    0x000022c7      0x321 ./Libraries/XMCLib/src/xmc_uart.o
 .debug_line    0x000025e8      0x3c5 ./Libraries/XMCLib/src/xmc_usic.o
 .debug_line    0x000029ad      0x251 ./Libraries/XMCLib/src/xmc_wdt.o
 .debug_line    0x00002bfe       0xda ./Libraries/Newlib/syscalls.o
 .debug_line    0x00002cd8      0x32c ./Dave/Generated/WATCHDOG/watchdog.o
 .debug_line    0x00003004      0x2a8 ./Dave/Generated/WATCHDOG/watchdog_conf.o
 .debug_line    0x000032ac      0x55d ./Dave/Generated/UART/uart.o
 .debug_line    0x00003809      0x353 ./Dave/Generated/UART/uart_conf.o
 .debug_line    0x00003b5c      0x50c ./Dave/Generated/TIMER/timer.o
 .debug_line    0x00004068      0x2a2 ./Dave/Generated/TIMER/timer_conf.o
 .debug_line    0x0000430a      0x3a5 ./Dave/Generated/PIN_INTERRUPT/pin_interrupt.o
 .debug_line    0x000046af      0x25c ./Dave/Generated/PIN_INTERRUPT/pin_interrupt_conf.o
 .debug_line    0x0000490b      0x347 ./Dave/Generated/INTERRUPT/interrupt.o
 .debug_line    0x00004c52      0x226 ./Dave/Generated/INTERRUPT/interrupt_conf.o
 .debug_line    0x00004e78      0x8e0 ./Dave/Generated/I2C_MASTER/i2c_master.o
 .debug_line    0x00005758      0x3cd ./Dave/Generated/I2C_MASTER/i2c_master_conf.o
 .debug_line    0x00005b25      0x3ac ./Dave/Generated/GLOBAL_SCU_XMC1/global_scu_xmc1.o
 .debug_line    0x00005ed1      0x1d2 ./Dave/Generated/GLOBAL_SCU_XMC1/global_scu_xmc1_conf.o
 .debug_line    0x000060a3      0x2cd ./Dave/Generated/GLOBAL_CCU4/global_ccu4.o
 .debug_line    0x00006370      0x23a ./Dave/Generated/GLOBAL_CCU4/global_ccu4_conf.o
 .debug_line    0x000065aa      0xb69 ./Dave/Generated/E_EEPROM_XMC1/e_eeprom_xmc1.o
 .debug_line    0x00007113      0x152 ./Dave/Generated/E_EEPROM_XMC1/e_eeprom_xmc1_conf.o
 .debug_line    0x00007265      0x22c ./Dave/Generated/DIGITAL_IO/digital_io.o
 .debug_line    0x00007491      0x1b1 ./Dave/Generated/DIGITAL_IO/digital_io_conf.o
 .debug_line    0x00007642       0x78 ./Dave/Generated/CPU_CTRL_XMC1/cpu_ctrl_xmc1_conf.o
 .debug_line    0x000076ba      0x25a ./Dave/Generated/CLOCK_XMC1/clock_xmc1.o
 .debug_line    0x00007914      0x231 ./Dave/Generated/CLOCK_XMC1/clock_xmc1_conf.o
 .debug_line    0x00007b45      0x573 ./Dave/Generated/DAVE.o
 .debug_line    0x000080b8      0x423 ./Action.o
 .debug_line    0x000084db      0x4b8 ./Conf.o
 .debug_line    0x00008993      0x386 ./Debauce.o
 .debug_line    0x00008d19      0x5b3 ./ReadAxis1.o
 .debug_line    0x000092cc      0x441 ./main.o
 .debug_line    0x0000970d      0x2fa ./scheduler.o

.debug_frame    0x00000000     0x401c
 *(.debug_frame)
 .debug_frame   0x00000000       0x9c ./Startup/system_XMC1400.o
 .debug_frame   0x0000009c       0x50 ./Libraries/XMCLib/src/xmc1_eru.o
 .debug_frame   0x000000ec      0x1a4 ./Libraries/XMCLib/src/xmc1_flash.o
 .debug_frame   0x00000290       0x58 ./Libraries/XMCLib/src/xmc1_gpio.o
 .debug_frame   0x000002e8      0x4fc ./Libraries/XMCLib/src/xmc1_scu.o
 .debug_frame   0x000007e4      0x458 ./Libraries/XMCLib/src/xmc_ccu4.o
 .debug_frame   0x00000c3c      0x1f0 ./Libraries/XMCLib/src/xmc_eru.o
 .debug_frame   0x00000e2c       0x54 ./Libraries/XMCLib/src/xmc_gpio.o
 .debug_frame   0x00000e80      0x250 ./Libraries/XMCLib/src/xmc_i2c.o
 .debug_frame   0x000010d0      0x380 ./Libraries/XMCLib/src/xmc_math.o
 .debug_frame   0x00001450      0x170 ./Libraries/XMCLib/src/xmc_uart.o
 .debug_frame   0x000015c0      0x1f0 ./Libraries/XMCLib/src/xmc_usic.o
 .debug_frame   0x000017b0       0x68 ./Libraries/XMCLib/src/xmc_wdt.o
 .debug_frame   0x00001818       0x4c ./Libraries/Newlib/syscalls.o
 .debug_frame   0x00001864       0x78 ./Dave/Generated/WATCHDOG/watchdog.o
 .debug_frame   0x000018dc      0x3a4 ./Dave/Generated/UART/uart.o
 .debug_frame   0x00001c80       0xf0 ./Dave/Generated/UART/uart_conf.o
 .debug_frame   0x00001d70      0x330 ./Dave/Generated/TIMER/timer.o
 .debug_frame   0x000020a0       0xf8 ./Dave/Generated/PIN_INTERRUPT/pin_interrupt.o
 .debug_frame   0x00002198       0xb8 ./Dave/Generated/INTERRUPT/interrupt.o
 .debug_frame   0x00002250      0x684 ./Dave/Generated/I2C_MASTER/i2c_master.o
 .debug_frame   0x000028d4      0x188 ./Dave/Generated/I2C_MASTER/i2c_master_conf.o
 .debug_frame   0x00002a5c      0x114 ./Dave/Generated/GLOBAL_SCU_XMC1/global_scu_xmc1.o
 .debug_frame   0x00002b70       0x70 ./Dave/Generated/GLOBAL_CCU4/global_ccu4.o
 .debug_frame   0x00002be0      0x74c ./Dave/Generated/E_EEPROM_XMC1/e_eeprom_xmc1.o
 .debug_frame   0x0000332c       0x50 ./Dave/Generated/DIGITAL_IO/digital_io.o
 .debug_frame   0x0000337c       0x2c ./Dave/Generated/CPU_CTRL_XMC1/cpu_ctrl_xmc1_conf.o
 .debug_frame   0x000033a8       0x70 ./Dave/Generated/CLOCK_XMC1/clock_xmc1.o
 .debug_frame   0x00003418       0x34 ./Dave/Generated/CLOCK_XMC1/clock_xmc1_conf.o
 .debug_frame   0x0000344c       0x34 ./Dave/Generated/DAVE.o
 .debug_frame   0x00003480       0xd0 ./Action.o
 .debug_frame   0x00003550      0x124 ./Conf.o
 .debug_frame   0x00003674       0x88 ./Debauce.o
 .debug_frame   0x000036fc      0x190 ./ReadAxis1.o
 .debug_frame   0x0000388c      0x130 ./main.o
 .debug_frame   0x000039bc       0x90 ./scheduler.o
 .debug_frame   0x00003a4c       0x38 c:/users/victor.paschoal/documents/dave-ide-4.4.2-64bit/eclipse/arm-gcc-49/bin/../lib/gcc/arm-none-eabi/4.9.3/../../../../arm-none-eabi/lib/armv6-m\libm.a(lib_a-w_acos.o)
 .debug_frame   0x00003a84       0x38 c:/users/victor.paschoal/documents/dave-ide-4.4.2-64bit/eclipse/arm-gcc-49/bin/../lib/gcc/arm-none-eabi/4.9.3/../../../../arm-none-eabi/lib/armv6-m\libm.a(lib_a-w_asin.o)
 .debug_frame   0x00003abc       0x30 c:/users/victor.paschoal/documents/dave-ide-4.4.2-64bit/eclipse/arm-gcc-49/bin/../lib/gcc/arm-none-eabi/4.9.3/../../../../arm-none-eabi/lib/armv6-m\libm.a(lib_a-e_acos.o)
 .debug_frame   0x00003aec       0x38 c:/users/victor.paschoal/documents/dave-ide-4.4.2-64bit/eclipse/arm-gcc-49/bin/../lib/gcc/arm-none-eabi/4.9.3/../../../../arm-none-eabi/lib/armv6-m\libm.a(lib_a-e_asin.o)
 .debug_frame   0x00003b24       0x3c c:/users/victor.paschoal/documents/dave-ide-4.4.2-64bit/eclipse/arm-gcc-49/bin/../lib/gcc/arm-none-eabi/4.9.3/../../../../arm-none-eabi/lib/armv6-m\libm.a(lib_a-e_sqrt.o)
 .debug_frame   0x00003b60       0x20 c:/users/victor.paschoal/documents/dave-ide-4.4.2-64bit/eclipse/arm-gcc-49/bin/../lib/gcc/arm-none-eabi/4.9.3/../../../../arm-none-eabi/lib/armv6-m\libm.a(lib_a-s_fabs.o)
 .debug_frame   0x00003b80       0x2c c:/users/victor.paschoal/documents/dave-ide-4.4.2-64bit/eclipse/arm-gcc-49/bin/../lib/gcc/arm-none-eabi/4.9.3/../../../../arm-none-eabi/lib/armv6-m\libm.a(lib_a-s_fpclassify.o)
 .debug_frame   0x00003bac       0x20 c:/users/victor.paschoal/documents/dave-ide-4.4.2-64bit/eclipse/arm-gcc-49/bin/../lib/gcc/arm-none-eabi/4.9.3/../../../../arm-none-eabi/lib/armv6-m\libm.a(lib_a-s_matherr.o)
 .debug_frame   0x00003bcc       0x20 c:/users/victor.paschoal/documents/dave-ide-4.4.2-64bit/eclipse/arm-gcc-49/bin/../lib/gcc/arm-none-eabi/4.9.3/../../../../arm-none-eabi/lib/armv6-m\libm.a(lib_a-s_nan.o)
 .debug_frame   0x00003bec       0x28 c:/users/victor.paschoal/documents/dave-ide-4.4.2-64bit/eclipse/arm-gcc-49/bin/../lib/gcc/arm-none-eabi/4.9.3/armv6-m\libgcc.a(_fixunssfsi.o)
 .debug_frame   0x00003c14       0x30 c:/users/victor.paschoal/documents/dave-ide-4.4.2-64bit/eclipse/arm-gcc-49/bin/../lib/gcc/arm-none-eabi/4.9.3/armv6-m\libgcc.a(addsf3.o)
 .debug_frame   0x00003c44       0x3c c:/users/victor.paschoal/documents/dave-ide-4.4.2-64bit/eclipse/arm-gcc-49/bin/../lib/gcc/arm-none-eabi/4.9.3/armv6-m\libgcc.a(divsf3.o)
 .debug_frame   0x00003c80       0x2c c:/users/victor.paschoal/documents/dave-ide-4.4.2-64bit/eclipse/arm-gcc-49/bin/../lib/gcc/arm-none-eabi/4.9.3/armv6-m\libgcc.a(eqsf2.o)
 .debug_frame   0x00003cac       0x30 c:/users/victor.paschoal/documents/dave-ide-4.4.2-64bit/eclipse/arm-gcc-49/bin/../lib/gcc/arm-none-eabi/4.9.3/armv6-m\libgcc.a(gesf2.o)
 .debug_frame   0x00003cdc       0x30 c:/users/victor.paschoal/documents/dave-ide-4.4.2-64bit/eclipse/arm-gcc-49/bin/../lib/gcc/arm-none-eabi/4.9.3/armv6-m\libgcc.a(lesf2.o)
 .debug_frame   0x00003d0c       0x3c c:/users/victor.paschoal/documents/dave-ide-4.4.2-64bit/eclipse/arm-gcc-49/bin/../lib/gcc/arm-none-eabi/4.9.3/armv6-m\libgcc.a(mulsf3.o)
 .debug_frame   0x00003d48       0x30 c:/users/victor.paschoal/documents/dave-ide-4.4.2-64bit/eclipse/arm-gcc-49/bin/../lib/gcc/arm-none-eabi/4.9.3/armv6-m\libgcc.a(subsf3.o)
 .debug_frame   0x00003d78       0x20 c:/users/victor.paschoal/documents/dave-ide-4.4.2-64bit/eclipse/arm-gcc-49/bin/../lib/gcc/arm-none-eabi/4.9.3/armv6-m\libgcc.a(fixsfsi.o)
 .debug_frame   0x00003d98       0x2c c:/users/victor.paschoal/documents/dave-ide-4.4.2-64bit/eclipse/arm-gcc-49/bin/../lib/gcc/arm-none-eabi/4.9.3/armv6-m\libgcc.a(floatsisf.o)
 .debug_frame   0x00003dc4       0x38 c:/users/victor.paschoal/documents/dave-ide-4.4.2-64bit/eclipse/arm-gcc-49/bin/../lib/gcc/arm-none-eabi/4.9.3/armv6-m\libgcc.a(adddf3.o)
 .debug_frame   0x00003dfc       0x3c c:/users/victor.paschoal/documents/dave-ide-4.4.2-64bit/eclipse/arm-gcc-49/bin/../lib/gcc/arm-none-eabi/4.9.3/armv6-m\libgcc.a(divdf3.o)
 .debug_frame   0x00003e38       0x38 c:/users/victor.paschoal/documents/dave-ide-4.4.2-64bit/eclipse/arm-gcc-49/bin/../lib/gcc/arm-none-eabi/4.9.3/armv6-m\libgcc.a(eqdf2.o)
 .debug_frame   0x00003e70       0x38 c:/users/victor.paschoal/documents/dave-ide-4.4.2-64bit/eclipse/arm-gcc-49/bin/../lib/gcc/arm-none-eabi/4.9.3/armv6-m\libgcc.a(gedf2.o)
 .debug_frame   0x00003ea8       0x38 c:/users/victor.paschoal/documents/dave-ide-4.4.2-64bit/eclipse/arm-gcc-49/bin/../lib/gcc/arm-none-eabi/4.9.3/armv6-m\libgcc.a(ledf2.o)
 .debug_frame   0x00003ee0       0x3c c:/users/victor.paschoal/documents/dave-ide-4.4.2-64bit/eclipse/arm-gcc-49/bin/../lib/gcc/arm-none-eabi/4.9.3/armv6-m\libgcc.a(muldf3.o)
 .debug_frame   0x00003f1c       0x3c c:/users/victor.paschoal/documents/dave-ide-4.4.2-64bit/eclipse/arm-gcc-49/bin/../lib/gcc/arm-none-eabi/4.9.3/armv6-m\libgcc.a(subdf3.o)
 .debug_frame   0x00003f58       0x2c c:/users/victor.paschoal/documents/dave-ide-4.4.2-64bit/eclipse/arm-gcc-49/bin/../lib/gcc/arm-none-eabi/4.9.3/armv6-m\libgcc.a(extendsfdf2.o)
 .debug_frame   0x00003f84       0x2c c:/users/victor.paschoal/documents/dave-ide-4.4.2-64bit/eclipse/arm-gcc-49/bin/../lib/gcc/arm-none-eabi/4.9.3/armv6-m\libgcc.a(truncdfsf2.o)
 .debug_frame   0x00003fb0       0x20 c:/users/victor.paschoal/documents/dave-ide-4.4.2-64bit/eclipse/arm-gcc-49/bin/../lib/gcc/arm-none-eabi/4.9.3/../../../../arm-none-eabi/lib/armv6-m\libg_nano.a(lib_a-errno.o)
 .debug_frame   0x00003fd0       0x2c c:/users/victor.paschoal/documents/dave-ide-4.4.2-64bit/eclipse/arm-gcc-49/bin/../lib/gcc/arm-none-eabi/4.9.3/../../../../arm-none-eabi/lib/armv6-m\libg_nano.a(lib_a-init.o)
 .debug_frame   0x00003ffc       0x20 c:/users/victor.paschoal/documents/dave-ide-4.4.2-64bit/eclipse/arm-gcc-49/bin/../lib/gcc/arm-none-eabi/4.9.3/../../../../arm-none-eabi/lib/armv6-m\libg_nano.a(lib_a-memset.o)

.debug_str      0x00000000     0xb102
 *(.debug_str)
 .debug_str     0x00000000      0x2c3 ./Startup/system_XMC1400.o
                                0x300 (size before relaxing)
 .debug_str     0x000002c3       0xc0 ./Libraries/XMCLib/src/xmc1_eru.o
                                0x26a (size before relaxing)
 .debug_str     0x00000383      0x440 ./Libraries/XMCLib/src/xmc1_flash.o
                                0x60a (size before relaxing)
 .debug_str     0x000007c3      0x68c ./Libraries/XMCLib/src/xmc1_gpio.o
                                0x878 (size before relaxing)
 .debug_str     0x00000e4f     0x1bd4 ./Libraries/XMCLib/src/xmc1_scu.o
                               0x1eea (size before relaxing)
 .debug_str     0x00002a23     0x14f1 ./Libraries/XMCLib/src/xmc_ccu4.o
                               0x18b1 (size before relaxing)
 .debug_str     0x00003f14      0x9c5 ./Libraries/XMCLib/src/xmc_eru.o
                                0xc28 (size before relaxing)
 .debug_str     0x000048d9       0xca ./Libraries/XMCLib/src/xmc_gpio.o
                                0x7c6 (size before relaxing)
 .debug_str     0x000049a3      0xa0b ./Libraries/XMCLib/src/xmc_i2c.o
                                0xc38 (size before relaxing)
 .debug_str     0x000053ae      0x6fa ./Libraries/XMCLib/src/xmc_math.o
                                0x91c (size before relaxing)
 .debug_str     0x00005aa8      0x59b ./Libraries/XMCLib/src/xmc_uart.o
                                0xaa8 (size before relaxing)
 .debug_str     0x00006043      0x95e ./Libraries/XMCLib/src/xmc_usic.o
                                0xe8a (size before relaxing)
 .debug_str     0x000069a1       0xf0 ./Libraries/XMCLib/src/xmc_wdt.o
                                0x44b (size before relaxing)
 .debug_str     0x00006a91       0x6f ./Libraries/Newlib/syscalls.o
                                0x1f7 (size before relaxing)
 .debug_str     0x00006b00      0x1a5 ./Dave/Generated/WATCHDOG/watchdog.o
                                0x43f (size before relaxing)
 .debug_str     0x00006ca5       0x5a ./Dave/Generated/WATCHDOG/watchdog_conf.o
                                0x391 (size before relaxing)